Component: ARM Compiler 5.06 update 7 (build 960) Tool: armlink [4d3601]

==============================================================================

Section Cross References

    main.o(i.main) refers to driver_public.o(FLASH_AREA) for driver_init
    main.o(i.main) refers to bsp_uart.o(i.bsp_uart_init) for bsp_uart_init
    main.o(i.main) refers to bsp_led.o(i.bsp_led_group_init) for bsp_led_group_init
    main.o(i.main) refers to bsp_led.o(i.bsp_led_on) for bsp_led_on
    main.o(i.main) refers to bsp_led.o(i.bsp_led_off) for bsp_led_off
    main.o(i.main) refers to bsp_8080_lcd.o(i.bsp_8080_lcd_init) for bsp_8080_lcd_init
    main.o(i.main) refers to bsp_ov7670.o(i.bsp_ov7670_init) for bsp_ov7670_init
    main.o(i.main) refers to bsp_ov7670.o(i.bsp_ov7670_id_read) for bsp_ov7670_id_read
    main.o(i.main) refers to bsp_8080_lcd.o(i.bsp_8080_lcd_printf_init) for bsp_8080_lcd_printf_init
    main.o(i.main) refers to bsp_8080_lcd.o(i.bsp_8080_lcd_printf) for bsp_8080_lcd_printf
    main.o(i.main) refers to driver_public.o(RAM_CODE) for delay_ms
    main.o(i.main) refers to bsp_ov7670.o(i.dci_check_ready) for dci_check_ready
    main.o(i.main) refers to bsp_led.o(i.bsp_led_toggle) for bsp_led_toggle
    main.o(i.main) refers to bsp_8080_lcd.o(i.bsp_8080_lcd_color_fill) for bsp_8080_lcd_color_fill
    main.o(i.main) refers to bsp_ov7670.o(i.dci_restart) for dci_restart
    main.o(i.main) refers to bsp_uart.o(.data) for BOARD_UART
    main.o(i.main) refers to bsp_led.o(.data) for LED1
    main.o(i.main) refers to bsp_8080_lcd.o(.bss) for bsp_8080_lcd_parameter
    main.o(i.main) refers to bsp_ov7670.o(DMA_AREA_SDRAM) for camera_buff
    gd32h7xx_interrupt.o(i.BusFault_Handler) refers to gd32h7xx_interrupt.o(i.error_reset) for error_reset
    gd32h7xx_interrupt.o(i.HardFault_Handler) refers to gd32h7xx_interrupt.o(i.error_reset) for error_reset
    gd32h7xx_interrupt.o(i.MemManage_Handler) refers to gd32h7xx_interrupt.o(i.error_reset) for error_reset
    gd32h7xx_interrupt.o(i.NMI_Handler) refers to gd32h7xx_interrupt.o(i.error_reset) for error_reset
    gd32h7xx_interrupt.o(i.SysTick_Handler) refers to driver_public.o(RAM_CODE) for driver_tic_inc
    gd32h7xx_interrupt.o(i.UsageFault_Handler) refers to gd32h7xx_interrupt.o(i.error_reset) for error_reset
    gd32h7xx_interrupt.o(i.error_reset) refers to printfa.o(i.__0printf) for __2printf
    gd32h7xx_interrupt.o(i.error_reset) refers to bsp_8080_lcd.o(i.bsp_8080_lcd_printf) for bsp_8080_lcd_printf
    gd32h7xx_adc.o(i.adc_deinit) refers to gd32h7xx_rcu.o(i.rcu_periph_reset_enable) for rcu_periph_reset_enable
    gd32h7xx_adc.o(i.adc_deinit) refers to gd32h7xx_rcu.o(i.rcu_periph_reset_disable) for rcu_periph_reset_disable
    gd32h7xx_can.o(i.can_deinit) refers to gd32h7xx_rcu.o(i.rcu_periph_reset_enable) for rcu_periph_reset_enable
    gd32h7xx_can.o(i.can_deinit) refers to gd32h7xx_rcu.o(i.rcu_periph_reset_disable) for rcu_periph_reset_disable
    gd32h7xx_can.o(i.can_init) refers to gd32h7xx_can.o(i.can_software_reset) for can_software_reset
    gd32h7xx_can.o(i.can_interrupt_disable) refers to gd32h7xx_can.o(i.can_operation_mode_get) for can_operation_mode_get
    gd32h7xx_can.o(i.can_interrupt_disable) refers to gd32h7xx_can.o(i.can_operation_mode_enter) for can_operation_mode_enter
    gd32h7xx_can.o(i.can_interrupt_enable) refers to gd32h7xx_can.o(i.can_operation_mode_get) for can_operation_mode_get
    gd32h7xx_can.o(i.can_interrupt_enable) refers to gd32h7xx_can.o(i.can_operation_mode_enter) for can_operation_mode_enter
    gd32h7xx_can.o(i.can_mailbox_code_get) refers to gd32h7xx_can.o(i.can_ram_address_get) for can_ram_address_get
    gd32h7xx_can.o(i.can_mailbox_config) refers to gd32h7xx_can.o(i.can_ram_address_get) for can_ram_address_get
    gd32h7xx_can.o(i.can_mailbox_config) refers to gd32h7xx_can.o(i.can_dlc_value_compute) for can_dlc_value_compute
    gd32h7xx_can.o(i.can_mailbox_config) refers to gd32h7xx_can.o(i.can_data_to_big_endian_swap) for can_data_to_big_endian_swap
    gd32h7xx_can.o(i.can_mailbox_receive_data_read) refers to gd32h7xx_can.o(i.can_ram_address_get) for can_ram_address_get
    gd32h7xx_can.o(i.can_mailbox_receive_data_read) refers to gd32h7xx_can.o(i.can_payload_size_compute) for can_payload_size_compute
    gd32h7xx_can.o(i.can_mailbox_receive_data_read) refers to gd32h7xx_can.o(i.can_data_to_little_endian_swap) for can_data_to_little_endian_swap
    gd32h7xx_can.o(i.can_mailbox_receive_inactive) refers to gd32h7xx_can.o(i.can_ram_address_get) for can_ram_address_get
    gd32h7xx_can.o(i.can_mailbox_receive_lock) refers to gd32h7xx_can.o(i.can_ram_address_get) for can_ram_address_get
    gd32h7xx_can.o(i.can_mailbox_transmit_abort) refers to gd32h7xx_can.o(i.can_ram_address_get) for can_ram_address_get
    gd32h7xx_can.o(i.can_mailbox_transmit_inactive) refers to gd32h7xx_can.o(i.can_ram_address_get) for can_ram_address_get
[...]
    _clock_init                               - Undefined Weak Reference
    _microlib_exit                            - Undefined Weak Reference
    __Vectors_Size                           0x000003a4   Number         0  startup_gd32h7xx.o ABSOLUTE
    __aeabi_uldivmod                         0x00004001   Thumb Code    98  uldiv.o(.text)
    __initial_sp                             0x00004000   Data           0  startup_gd32h7xx.o(STACK)
    strlen                                   0x00004063   Thumb Code    14  strlen.o(.text)
    __aeabi_uidiv                            0x00004071   Thumb Code     0  uidiv.o(.text)
    __aeabi_uidivmod                         0x00004071   Thumb Code    44  uidiv.o(.text)
    __aeabi_llsl                             0x0000409d   Thumb Code    30  llshl.o(.text)
    _ll_shift_l                              0x0000409d   Thumb Code     0  llshl.o(.text)
    __aeabi_llsr                             0x000040bb   Thumb Code    32  llushr.o(.text)
    _ll_ushift_r                             0x000040bb   Thumb Code     0  llushr.o(.text)
    __I$use$fp                               0x000040db   Thumb Code     0  iusefp.o(.text)
    __aeabi_dadd                             0x000040db   Thumb Code   322  dadd.o(.text)
    __aeabi_dsub                             0x0000421d   Thumb Code     6  dadd.o(.text)
    __aeabi_drsub                            0x00004223   Thumb Code     6  dadd.o(.text)
    __aeabi_dmul                             0x00004229   Thumb Code   228  dmul.o(.text)
    __aeabi_ddiv                             0x0000430d   Thumb Code   222  ddiv.o(.text)
    __aeabi_d2ulz                            0x000043eb   Thumb Code    48  dfixul.o(.text)
    __aeabi_cdrcmple                         0x0000441d   Thumb Code    48  cdrcmple.o(.text)
    __aeabi_lasr                             0x0000444d   Thumb Code    36  llsshr.o(.text)
    _ll_sshift_r                             0x0000444d   Thumb Code     0  llsshr.o(.text)
    _double_round                            0x00004471   Thumb Code    30  depilogue.o(.text)
    _double_epilogue                         0x0000448f   Thumb Code   156  depilogue.o(.text)
    delay_us                                 0x0000452d   Thumb Code   120  driver_public.o(RAM_CODE)
    delay_sysclk                             0x000045a5   Thumb Code   114  driver_public.o(RAM_CODE)
    delay_ms                                 0x00004617   Thumb Code    28  driver_public.o(RAM_CODE)
    driver_tic_inc                           0x00004633   Thumb Code    84  driver_public.o(RAM_CODE)
    Long Thumb to Thumb Veneer to delay_init 0x00004695   Thumb Code    10  anon$$obj.o(Veneer$$Code)
    Long Thumb to Thumb Veneer to driver_exmc_lcd_init 0x0000469f   Thumb Code    10  anon$$obj.o(Veneer$$Code)
    Long Thumb to Thumb Veneer to dci_enable 0x000046a9   Thumb Code    10  anon$$obj.o(Veneer$$Code)
    Long Thumb to Thumb Veneer to dci_capture_enable 0x000046b3   Thumb Code    10  anon$$obj.o(Veneer$$Code)
    Long Thumb to Thumb Veneer to rcu_periph_clock_enable 0x000046bd   Thumb Code    10  anon$$obj.o(Veneer$$Code)
    Long Thumb to Thumb Veneer to gpio_af_set 0x000046c7   Thumb Code    10  anon$$obj.o(Veneer$$Code)
    Long Thumb to Thumb Veneer to gpio_mode_set 0x000046d1   Thumb Code    10  anon$$obj.o(Veneer$$Code)
    Long Thumb to Thumb Veneer to gpio_output_options_set 0x000046db   Thumb Code    10  anon$$obj.o(Veneer$$Code)
    Long Thumb to Thumb Veneer to dci_deinit 0x000046e5   Thumb Code    10  anon$$obj.o(Veneer$$Code)
    Long Thumb to Thumb Veneer to dci_init   0x000046ef   Thumb Code    10  anon$$obj.o(Veneer$$Code)
    Long Thumb to Thumb Veneer to gpio_bit_write 0x000046f9   Thumb Code    10  anon$$obj.o(Veneer$$Code)
    Long Thumb to Thumb Veneer to syscfg_exti_line_config 0x00004703   Thumb Code    10  anon$$obj.o(Veneer$$Code)
    Long Thumb to Thumb Veneer to gpio_input_bit_get 0x0000470d   Thumb Code    10  anon$$obj.o(Veneer$$Code)
    Long Thumb to Thumb Veneer to gpio_bit_reset 0x00004717   Thumb Code    10  anon$$obj.o(Veneer$$Code)
    Long Thumb to Thumb Veneer to gpio_bit_set 0x00004721   Thumb Code    10  anon$$obj.o(Veneer$$Code)
    Long Thumb to Thumb Veneer to SystemCoreClockUpdate 0x0000472b   Thumb Code    10  anon$$obj.o(Veneer$$Code)
    Long Thumb to Thumb Veneer to driver_init 0x00004735   Thumb Code    10  anon$$obj.o(Veneer$$Code)
    Long Thumb to Thumb Veneer to rcu_periph_reset_enable 0x0000473f   Thumb Code    10  anon$$obj.o(Veneer$$Code)
    Long Thumb to Thumb Veneer to rcu_periph_reset_disable 0x00004749   Thumb Code    10  anon$$obj.o(Veneer$$Code)
    Long Thumb to Thumb Veneer to rcu_clock_freq_get 0x00004753   Thumb Code    10  anon$$obj.o(Veneer$$Code)
    BusFault_Handler                         0x00004789   Thumb Code     8  gd32h7xx_interrupt.o(i.BusFault_Handler)
    EXTI0_IRQHandler                         0x00004791   Thumb Code    12  bsp_key.o(i.EXTI0_IRQHandler)
    EXTI1_IRQHandler                         0x000047a1   Thumb Code    12  bsp_key.o(i.EXTI1_IRQHandler)
    HardFault_Handler                        0x000047b1   Thumb Code     8  gd32h7xx_interrupt.o(i.HardFault_Handler)
    MemManage_Handler                        0x000047e9   Thumb Code     8  gd32h7xx_interrupt.o(i.MemManage_Handler)
    NMI_Handler                              0x000047f1   Thumb Code     8  gd32h7xx_interrupt.o(i.NMI_Handler)
    SysTick_Handler                          0x00004853   Thumb Code     8  gd32h7xx_interrupt.o(i.SysTick_Handler)
    TIMER5_DAC_UDR_IRQHandler                0x0000485d   Thumb Code    10  bsp_timer.o(i.TIMER5_DAC_UDR_IRQHandler)
    USART0_IRQHandler                        0x0000486d   Thumb Code    10  bsp_uart.o(i.USART0_IRQHandler)
    USART2_IRQHandler                        0x0000487d   Thumb Code    10  bsp_uart.o(i.USART2_IRQHandler)
    UsageFault_Handler                       0x0000488d   Thumb Code     8  gd32h7xx_interrupt.o(i.UsageFault_Handler)
    __0printf                                0x00004895   Thumb Code    22  printfa.o(i.__0printf)
    __1printf                                0x00004895   Thumb Code     0  printfa.o(i.__0printf)
    __2printf                                0x00004895   Thumb Code     0  printfa.o(i.__0printf)
    __c89printf                              0x00004895   Thumb Code     0  printfa.o(i.__0printf)
    printf                                   0x00004895   Thumb Code     0  printfa.o(i.__0printf)
    __0vsprintf                              0x000048b5   Thumb Code    30  printfa.o(i.__0vsprintf)
    __1vsprintf                              0x000048b5   Thumb Code     0  printfa.o(i.__0vsprintf)
    __2vsprintf                              0x000048b5   Thumb Code     0  printfa.o(i.__0vsprintf)
    __c89vsprintf                            0x000048b5   Thumb Code     0  printfa.o(i.__0vsprintf)
    vsprintf                                 0x000048b5   Thumb Code     0  printfa.o(i.__0vsprintf)
    bsp_8080_lcd_backlight_duty_set          0x0000519d   Thumb Code    18  bsp_8080_lcd.o(i.bsp_8080_lcd_backlight_duty_set)
    bsp_8080_lcd_backlight_on                0x000051b9   Thumb Code    20  bsp_8080_lcd.o(i.bsp_8080_lcd_backlight_on)
    bsp_8080_lcd_clear                       0x000051d5   Thumb Code    58  bsp_8080_lcd.o(i.bsp_8080_lcd_clear)
    bsp_8080_lcd_color_fill                  0x00005219   Thumb Code   164  bsp_8080_lcd.o(i.bsp_8080_lcd_color_fill)
    bsp_8080_lcd_display_dir                 0x000052c5   Thumb Code   194  bsp_8080_lcd.o(i.bsp_8080_lcd_display_dir)
    bsp_8080_lcd_draw_point                  0x0000538d   Thumb Code    76  bsp_8080_lcd.o(i.bsp_8080_lcd_draw_point)
    bsp_8080_lcd_fill                        0x000053e1   Thumb Code   180  bsp_8080_lcd.o(i.bsp_8080_lcd_fill)
    bsp_8080_lcd_init                        0x0000549d   Thumb Code   208  bsp_8080_lcd.o(i.bsp_8080_lcd_init)
    bsp_8080_lcd_printf                      0x000055b5   Thumb Code   350  bsp_8080_lcd.o(i.bsp_8080_lcd_printf)
    bsp_8080_lcd_printf_init                 0x00005719   Thumb Code    78  bsp_8080_lcd.o(i.bsp_8080_lcd_printf_init)
    bsp_8080_lcd_scan_dir                    0x00005779   Thumb Code   394  bsp_8080_lcd.o(i.bsp_8080_lcd_scan_dir)
    bsp_8080_lcd_set_cursor                  0x00005909   Thumb Code    84  bsp_8080_lcd.o(i.bsp_8080_lcd_set_cursor)
    bsp_8080_lcd_set_window                  0x00005961   Thumb Code   228  bsp_8080_lcd.o(i.bsp_8080_lcd_set_window)
    bsp_8080_lcd_show_char                   0x00005a49   Thumb Code   292  bsp_8080_lcd.o(i.bsp_8080_lcd_show_char)
    bsp_8080_lcd_show_log                    0x00005b81   Thumb Code    20  bsp_8080_lcd.o(i.bsp_8080_lcd_show_log)
    bsp_8080_lcd_wr_data                     0x00005b99   Thumb Code    12  bsp_8080_lcd.o(i.bsp_8080_lcd_wr_data)
    bsp_8080_lcd_wr_regno                    0x00005ba9   Thumb Code    14  bsp_8080_lcd.o(i.bsp_8080_lcd_wr_regno)
    bsp_8080_lcd_write_reg                   0x00005bb9   Thumb Code    22  bsp_8080_lcd.o(i.bsp_8080_lcd_write_reg)
    bsp_dci_byte_read                        0x00005bd5   Thumb Code    28  bsp_ov7670.o(i.bsp_dci_byte_read)
    bsp_dci_byte_write                       0x00005bf5   Thumb Code    20  bsp_ov7670.o(i.bsp_dci_byte_write)
    bsp_led_group_init                       0x00005c0d   Thumb Code    26  bsp_led.o(i.bsp_led_group_init)
    bsp_led_init                             0x00005c2d   Thumb Code    12  bsp_led.o(i.bsp_led_init)
    bsp_led_off                              0x00005c39   Thumb Code    14  bsp_led.o(i.bsp_led_off)
    bsp_led_on                               0x00005c47   Thumb Code    24  bsp_led.o(i.bsp_led_on)
    bsp_led_toggle                           0x00005c5f   Thumb Code    12  bsp_led.o(i.bsp_led_toggle)
    bsp_mco_init                             0x00005c6d   Thumb Code    30  bsp_ov7670.o(i.bsp_mco_init)
    bsp_ov7670_id_read                       0x00005c95   Thumb Code    88  bsp_ov7670.o(i.bsp_ov7670_id_read)
    bsp_ov7670_init                          0x00005ced   Thumb Code   142  bsp_ov7670.o(i.bsp_ov7670_init)
    bsp_sccb_config                          0x00005d91   Thumb Code    10  bsp_ov7670.o(i.bsp_sccb_config)
    bsp_software_i2c_ack                     0x00005da1   Thumb Code    54  bsp_software_i2c.o(i.bsp_software_i2c_ack)
    bsp_software_i2c_delay                   0x00005dd7   Thumb Code    26  bsp_software_i2c.o(i.bsp_software_i2c_delay)
    bsp_software_i2c_init                    0x00005df1   Thumb Code    18  bsp_software_i2c.o(i.bsp_software_i2c_init)
    bsp_software_i2c_mem_write_byte          0x00005e03   Thumb Code   102  bsp_software_i2c.o(i.bsp_software_i2c_mem_write_byte)
    bsp_software_i2c_nack                    0x00005e69   Thumb Code    54  bsp_software_i2c.o(i.bsp_software_i2c_nack)
    bsp_software_i2c_read_byte               0x00005e9f   Thumb Code    94  bsp_software_i2c.o(i.bsp_software_i2c_read_byte)
    bsp_software_i2c_read_data               0x00005efd   Thumb Code    54  bsp_software_i2c.o(i.bsp_software_i2c_read_data)
    bsp_software_i2c_send_byte               0x00005f33   Thumb Code    90  bsp_software_i2c.o(i.bsp_software_i2c_send_byte)
    bsp_software_i2c_start                   0x00005f8d   Thumb Code    62  bsp_software_i2c.o(i.bsp_software_i2c_start)
    bsp_software_i2c_stop                    0x00005fcb   Thumb Code    62  bsp_software_i2c.o(i.bsp_software_i2c_stop)
    bsp_software_i2c_wait_ack                0x00006009   Thumb Code   102  bsp_software_i2c.o(i.bsp_software_i2c_wait_ack)
    bsp_software_i2c_write_byte              0x0000606f   Thumb Code    82  bsp_software_i2c.o(i.bsp_software_i2c_write_byte)
    bsp_uart_init                            0x000060c1   Thumb Code    12  bsp_uart.o(i.bsp_uart_init)
    dci_check_ready                          0x000060cd   Thumb Code    76  bsp_ov7670.o(i.dci_check_ready)
    dci_config                               0x0000611d   Thumb Code   222  bsp_ov7670.o(i.dci_config)
    dci_restart                              0x0000620d   Thumb Code    20  bsp_ov7670.o(i.dci_restart)
    dma_channel_disable                      0x00006229   Thumb Code    32  gd32h7xx_dma.o(i.dma_channel_disable)
    dma_channel_enable                       0x00006249   Thumb Code    32  gd32h7xx_dma.o(i.dma_channel_enable)
    dma_circulation_disable                  0x00006269   Thumb Code    32  gd32h7xx_dma.o(i.dma_circulation_disable)
    dma_circulation_enable                   0x00006289   Thumb Code    32  gd32h7xx_dma.o(i.dma_circulation_enable)
    dma_deinit                               0x000062a9   Thumb Code   164  gd32h7xx_dma.o(i.dma_deinit)
    dma_flag_clear                           0x0000634d   Thumb Code    62  gd32h7xx_dma.o(i.dma_flag_clear)
    dma_flag_get                             0x0000638b   Thumb Code    76  gd32h7xx_dma.o(i.dma_flag_get)
    dma_memory_address_config                0x000063d7   Thumb Code    32  gd32h7xx_dma.o(i.dma_memory_address_config)
    dma_memory_address_generation_config     0x000063f7   Thumb Code    64  gd32h7xx_dma.o(i.dma_memory_address_generation_config)
    dma_memory_width_config                  0x00006437   Thumb Code    36  gd32h7xx_dma.o(i.dma_memory_width_config)
    dma_periph_address_config                0x0000645b   Thumb Code    16  gd32h7xx_dma.o(i.dma_periph_address_config)
    dma_periph_width_config                  0x0000646b   Thumb Code    36  gd32h7xx_dma.o(i.dma_periph_width_config)
    dma_peripheral_address_generation_config 0x0000648f   Thumb Code   126  gd32h7xx_dma.o(i.dma_peripheral_address_generation_config)
    dma_priority_config                      0x0000650d   Thumb Code    36  gd32h7xx_dma.o(i.dma_priority_config)
    dma_single_data_mode_init                0x00006531   Thumb Code   484  gd32h7xx_dma.o(i.dma_single_data_mode_init)
    dma_single_data_para_struct_init         0x0000671d   Thumb Code    36  gd32h7xx_dma.o(i.dma_single_data_para_struct_init)
    dma_transfer_direction_config            0x00006741   Thumb Code    36  gd32h7xx_dma.o(i.dma_transfer_direction_config)
    dma_transfer_number_config               0x00006765   Thumb Code    16  gd32h7xx_dma.o(i.dma_transfer_number_config)
    dma_transfer_number_get                  0x00006775   Thumb Code    16  gd32h7xx_dma.o(i.dma_transfer_number_get)
    driver_dma_com_init                      0x00006785   Thumb Code   124  driver_dma.o(i.driver_dma_com_init)
    driver_dma_flag_wait_timeout             0x00006805   Thumb Code    98  driver_dma.o(i.driver_dma_flag_wait_timeout)
    driver_dma_mem_init                      0x0000686d   Thumb Code    22  driver_dma.o(i.driver_dma_mem_init)
    driver_dma_mem_to_exmclcd_start          0x00006885   Thumb Code   254  driver_dma.o(i.driver_dma_mem_to_exmclcd_start)
    driver_dma_start                         0x00006995   Thumb Code    58  driver_dma.o(i.driver_dma_start)
    driver_gpio_general_init                 0x000069d1   Thumb Code   154  driver_gpio.o(i.driver_gpio_general_init)
    driver_gpio_pin_get                      0x00006a79   Thumb Code    14  driver_gpio.o(i.driver_gpio_pin_get)
    driver_gpio_pin_reset                    0x00006a87   Thumb Code    14  driver_gpio.o(i.driver_gpio_pin_reset)
    driver_gpio_pin_set                      0x00006a95   Thumb Code    14  driver_gpio.o(i.driver_gpio_pin_set)
    driver_gpio_pin_toggle                   0x00006aa3   Thumb Code    28  driver_gpio.o(i.driver_gpio_pin_toggle)
    driver_gpio_pin_write                    0x00006abf   Thumb Code    18  driver_gpio.o(i.driver_gpio_pin_write)
    driver_timer_channel_init                0x00006b25   Thumb Code   330  driver_timer.o(i.driver_timer_channel_init)
    driver_timer_pwm_duty_set                0x00006c7d   Thumb Code    46  driver_timer.o(i.driver_timer_pwm_duty_set)
    driver_timer_pwm_on                      0x00006cab   Thumb Code    16  driver_timer.o(i.driver_timer_pwm_on)
    driver_timer_updata_int_handler          0x00006cbb   Thumb Code    32  driver_timer.o(i.driver_timer_updata_int_handler)
    driver_uart_flag_wait_timeout            0x00006cdd   Thumb Code    62  driver_uart.o(i.driver_uart_flag_wait_timeout)
    driver_uart_init                         0x00006d21   Thumb Code   144  driver_uart.o(i.driver_uart_init)
    driver_uart_int_handler                  0x00006db1   Thumb Code   382  driver_uart.o(i.driver_uart_int_handler)
    driver_uart_transmit_byte                0x00006f41   Thumb Code   142  driver_uart.o(i.driver_uart_transmit_byte)
    dvire_gpio_exti_handle                   0x00006fd5   Thumb Code    52  driver_gpio.o(i.dvire_gpio_exti_handle)
    error_reset                              0x00007009   Thumb Code    48  gd32h7xx_interrupt.o(i.error_reset)
    exti_flag_clear                          0x00007055   Thumb Code    20  gd32h7xx_exti.o(i.exti_flag_clear)
    exti_flag_get                            0x00007069   Thumb Code    32  gd32h7xx_exti.o(i.exti_flag_get)
    exti_init                                0x00007089   Thumb Code   408  gd32h7xx_exti.o(i.exti_init)
    exti_interrupt_flag_clear                0x00007221   Thumb Code    20  gd32h7xx_exti.o(i.exti_interrupt_flag_clear)
    fputc                                    0x00007235   Thumb Code    18  bsp_uart.o(i.fputc)
    lcd_ex_ili9341_reginit                   0x0000724d   Thumb Code   556  bsp_8080_lcd.o(i.lcd_ex_ili9341_reginit)
    lcd_ex_ili9488_reginit                   0x00007479   Thumb Code   502  bsp_8080_lcd.o(i.lcd_ex_ili9488_reginit)
    main                                     0x00007671   Thumb Code   164  main.o(i.main)
    timer_auto_reload_shadow_enable          0x0000773d   Thumb Code    10  gd32h7xx_timer.o(i.timer_auto_reload_shadow_enable)
    timer_channel_input_capture_prescaler_config 0x00007747   Thumb Code   178  gd32h7xx_timer.o(i.timer_channel_input_capture_prescaler_config)
    timer_channel_input_struct_para_init     0x000077f9   Thumb Code    16  gd32h7xx_timer.o(i.timer_channel_input_struct_para_init)
    timer_channel_output_config              0x00007809   Thumb Code   640  gd32h7xx_timer.o(i.timer_channel_output_config)
    timer_channel_output_mode_config         0x00007ab9   Thumb Code   180  gd32h7xx_timer.o(i.timer_channel_output_mode_config)
    timer_channel_output_pulse_value_config  0x00007b75   Thumb Code    74  gd32h7xx_timer.o(i.timer_channel_output_pulse_value_config)
    timer_channel_output_shadow_config       0x00007bbf   Thumb Code   178  gd32h7xx_timer.o(i.timer_channel_output_shadow_config)
    timer_channel_output_state_config        0x00007c71   Thumb Code   182  gd32h7xx_timer.o(i.timer_channel_output_state_config)
    timer_channel_output_struct_para_init    0x00007d27   Thumb Code    16  gd32h7xx_timer.o(i.timer_channel_output_struct_para_init)
    timer_deinit                             0x00007d39   Thumb Code   598  gd32h7xx_timer.o(i.timer_deinit)
    timer_enable                             0x00007fa1   Thumb Code    10  gd32h7xx_timer.o(i.timer_enable)
    timer_init                               0x00007fad   Thumb Code   278  gd32h7xx_timer.o(i.timer_init)
    timer_input_capture_config               0x00008119   Thumb Code   916  gd32h7xx_timer.o(i.timer_input_capture_config)
    timer_input_pwm_capture_config           0x000084b5   Thumb Code   356  gd32h7xx_timer.o(i.timer_input_pwm_capture_config)
    timer_input_trigger_source_select        0x00008621   Thumb Code   782  gd32h7xx_timer.o(i.timer_input_trigger_source_select)
    timer_interrupt_enable                   0x00008945   Thumb Code     8  gd32h7xx_timer.o(i.timer_interrupt_enable)
    timer_interrupt_flag_clear               0x0000894d   Thumb Code     6  gd32h7xx_timer.o(i.timer_interrupt_flag_clear)
    timer_interrupt_flag_get                 0x00008953   Thumb Code    52  gd32h7xx_timer.o(i.timer_interrupt_flag_get)
    timer_master_slave_mode_config           0x00008987   Thumb Code    26  gd32h7xx_timer.o(i.timer_master_slave_mode_config)
    timer_primary_output_config              0x000089a1   Thumb Code    24  gd32h7xx_timer.o(i.timer_primary_output_config)
    timer_slave_mode_select                  0x000089b9   Thumb Code  1174  gd32h7xx_timer.o(i.timer_slave_mode_select)
    timer_update_event_disable               0x00008e65   Thumb Code    10  gd32h7xx_timer.o(i.timer_update_event_disable)
    timer_update_event_enable                0x00008e6f   Thumb Code    10  gd32h7xx_timer.o(i.timer_update_event_enable)
    usart_baudrate_set                       0x00008e79   Thumb Code   224  gd32h7xx_usart.o(i.usart_baudrate_set)
    usart_data_receive                       0x00008f61   Thumb Code    10  gd32h7xx_usart.o(i.usart_data_receive)
    usart_data_transmit                      0x00008f6b   Thumb Code     8  gd32h7xx_usart.o(i.usart_data_transmit)
    usart_deinit                             0x00008f75   Thumb Code   210  gd32h7xx_usart.o(i.usart_deinit)
    usart_enable                             0x00009051   Thumb Code    10  gd32h7xx_usart.o(i.usart_enable)
    usart_flag_clear                         0x0000905b   Thumb Code    80  gd32h7xx_usart.o(i.usart_flag_clear)
    usart_flag_get                           0x000090ab   Thumb Code    30  gd32h7xx_usart.o(i.usart_flag_get)
    usart_interrupt_disable                  0x000090c9   Thumb Code    26  gd32h7xx_usart.o(i.usart_interrupt_disable)
    usart_interrupt_enable                   0x000090e3   Thumb Code    26  gd32h7xx_usart.o(i.usart_interrupt_enable)
    usart_interrupt_flag_clear               0x000090fd   Thumb Code    78  gd32h7xx_usart.o(i.usart_interrupt_flag_clear)
    usart_interrupt_flag_get                 0x00009159   Thumb Code    56  gd32h7xx_usart.o(i.usart_interrupt_flag_get)
    usart_parity_config                      0x00009191   Thumb Code    24  gd32h7xx_usart.o(i.usart_parity_config)
    usart_receive_config                     0x000091a9   Thumb Code    16  gd32h7xx_usart.o(i.usart_receive_config)
    usart_transmit_config                    0x000091b9   Thumb Code    16  gd32h7xx_usart.o(i.usart_transmit_config)
    usart_word_length_set                    0x000091c9   Thumb Code    24  gd32h7xx_usart.o(i.usart_word_length_set)
    __Vectors                                0x08000000   Data           4  startup_gd32h7xx.o(RESET)
    __Vectors_End                            0x080003a4   Data           0  startup_gd32h7xx.o(RESET)
    __main                                   0x080003a5   Thumb Code     0  entry.o(.ARM.Collect$$$$00000000)
    _main_stk                                0x080003a5   Thumb Code     0  entry2.o(.ARM.Collect$$$$00000001)
    _main_scatterload                        0x080003a9   Thumb Code     0  entry5.o(.ARM.Collect$$$$00000004)
    __main_after_scatterload                 0x080003ad   Thumb Code     0  entry5.o(.ARM.Collect$$$$00000004)
    _main_clock                              0x080003ad   Thumb Code     0  entry7b.o(.ARM.Collect$$$$00000008)
    _main_cpp_init                           0x080003ad   Thumb Code     0  entry8b.o(.ARM.Collect$$$$0000000A)
    _main_init                               0x080003ad   Thumb Code     0  entry9a.o(.ARM.Collect$$$$0000000B)
    __rt_final_cpp                           0x080003b5   Thumb Code     0  entry10a.o(.ARM.Collect$$$$0000000D)
    __rt_final_exit                          0x080003b5   Thumb Code     0  entry11a.o(.ARM.Collect$$$$0000000F)
    Reset_Handler                            0x080003b9   Thumb Code    26  startup_gd32h7xx.o(.text)
    SVC_Handler                              0x080003dd   Thumb Code     2  startup_gd32h7xx.o(.text)
    DebugMon_Handler                         0x080003df   Thumb Code     2  startup_gd32h7xx.o(.text)
    PendSV_Handler                           0x080003e1   Thumb Code     2  startup_gd32h7xx.o(.text)
    ADC0_1_IRQHandler                        0x080003e5   Thumb Code     0  startup_gd32h7xx.o(.text)
    ADC2_IRQHandler                          0x080003e5   Thumb Code     0  startup_gd32h7xx.o(.text)
    AVD_LVD_OVD_IRQHandler                   0x080003e5   Thumb Code     0  startup_gd32h7xx.o(.text)
    CAN0_Busoff_IRQHandler                   0x080003e5   Thumb Code     0  startup_gd32h7xx.o(.text)
    CAN0_Error_IRQHandler                    0x080003e5   Thumb Code     0  startup_gd32h7xx.o(.text)
    CAN0_FastError_IRQHandler                0x080003e5   Thumb Code     0  startup_gd32h7xx.o(.text)
    CAN0_Message_IRQHandler                  0x080003e5   Thumb Code     0  startup_gd32h7xx.o(.text)
    CAN0_REC_IRQHandler                      0x080003e5   Thumb Code     0  startup_gd32h7xx.o(.text)
    CAN0_TEC_IRQHandler                      0x080003e5   Thumb Code     0  startup_gd32h7xx.o(.text)
    CAN0_WKUP_IRQHandler                     0x080003e5   Thumb Code     0  startup_gd32h7xx.o(.text)
    CAN1_Busoff_IRQHandler                   0x080003e5   Thumb Code     0  startup_gd32h7xx.o(.text)
    CAN1_Error_IRQHandler                    0x080003e5   Thumb Code     0  startup_gd32h7xx.o(.text)
    CAN1_FastError_IRQHandler                0x080003e5   Thumb Code     0  startup_gd32h7xx.o(.text)
    CAN1_Message_IRQHandler                  0x080003e5   Thumb Code     0  startup_gd32h7xx.o(.text)
    CAN1_REC_IRQHandler                      0x080003e5   Thumb Code     0  startup_gd32h7xx.o(.text)
    CAN1_TEC_IRQHandler                      0x080003e5   Thumb Code     0  startup_gd32h7xx.o(.text)
    CAN1_WKUP_IRQHandler                     0x080003e5   Thumb Code     0  startup_gd32h7xx.o(.text)
    CAN2_Busoff_IRQHandler                   0x080003e5   Thumb Code     0  startup_gd32h7xx.o(.text)
    CAN2_Error_IRQHandler                    0x080003e5   Thumb Code     0  startup_gd32h7xx.o(.text)
    CAN2_FastError_IRQHandler                0x080003e5   Thumb Code     0  startup_gd32h7xx.o(.text)
    CAN2_Message_IRQHandler                  0x080003e5   Thumb Code     0  startup_gd32h7xx.o(.text)
    CAN2_REC_IRQHandler                      0x080003e5   Thumb Code     0  startup_gd32h7xx.o(.text)
    CAN2_TEC_IRQHandler                      0x080003e5   Thumb Code     0  startup_gd32h7xx.o(.text)
    CAN2_WKUP_IRQHandler                     0x080003e5   Thumb Code     0  startup_gd32h7xx.o(.text)
    CAU_IRQHandler                           0x080003e5   Thumb Code     0  startup_gd32h7xx.o(.text)
    CMP0_1_IRQHandler                        0x080003e5   Thumb Code     0  startup_gd32h7xx.o(.text)
    CTC_IRQHandler                           0x080003e5   Thumb Code     0  startup_gd32h7xx.o(.text)
    DCI_IRQHandler                           0x080003e5   Thumb Code     0  startup_gd32h7xx.o(.text)
    DMA0_Channel0_IRQHandler                 0x080003e5   Thumb Code     0  startup_gd32h7xx.o(.text)
    DMA0_Channel1_IRQHandler                 0x080003e5   Thumb Code     0  startup_gd32h7xx.o(.text)
    DMA0_Channel2_IRQHandler                 0x080003e5   Thumb Code     0  startup_gd32h7xx.o(.text)
    DMA0_Channel3_IRQHandler                 0x080003e5   Thumb Code     0  startup_gd32h7xx.o(.text)
    DMA0_Channel4_IRQHandler                 0x080003e5   Thumb Code     0  startup_gd32h7xx.o(.text)
    DMA0_Channel5_IRQHandler                 0x080003e5   Thumb Code     0  startup_gd32h7xx.o(.text)
    DMA0_Channel6_IRQHandler                 0x080003e5   Thumb Code     0  startup_gd32h7xx.o(.text)
    DMA0_Channel7_IRQHandler                 0x080003e5   Thumb Code     0  startup_gd32h7xx.o(.text)
    DMA1_Channel0_IRQHandler                 0x080003e5   Thumb Code     0  startup_gd32h7xx.o(.text)
    DMA1_Channel1_IRQHandler                 0x080003e5   Thumb Code     0  startup_gd32h7xx.o(.text)
    DMA1_Channel2_IRQHandler                 0x080003e5   Thumb Code     0  startup_gd32h7xx.o(.text)
    DMA1_Channel3_IRQHandler                 0x080003e5   Thumb Code     0  startup_gd32h7xx.o(.text)
    DMA1_Channel4_IRQHandler                 0x080003e5   Thumb Code     0  startup_gd32h7xx.o(.text)
    DMA1_Channel5_IRQHandler                 0x080003e5   Thumb Code     0  startup_gd32h7xx.o(.text)
    DMA1_Channel6_IRQHandler                 0x080003e5   Thumb Code     0  startup_gd32h7xx.o(.text)
    DMA1_Channel7_IRQHandler                 0x080003e5   Thumb Code     0  startup_gd32h7xx.o(.text)
    DMAMUX_OVR_IRQHandler                    0x080003e5   Thumb Code     0  startup_gd32h7xx.o(.text)
    EFUSE_IRQHandler                         0x080003e5   Thumb Code     0  startup_gd32h7xx.o(.text)
    ENET0_IRQHandler                         0x080003e5   Thumb Code     0  startup_gd32h7xx.o(.text)
    ENET0_WKUP_IRQHandler                    0x080003e5   Thumb Code     0  startup_gd32h7xx.o(.text)
    ENET1_IRQHandler                         0x080003e5   Thumb Code     0  startup_gd32h7xx.o(.text)
    ENET1_WKUP_IRQHandler                    0x080003e5   Thumb Code     0  startup_gd32h7xx.o(.text)
    EXMC_IRQHandler                          0x080003e5   Thumb Code     0  startup_gd32h7xx.o(.text)
    EXTI10_15_IRQHandler                     0x080003e5   Thumb Code     0  startup_gd32h7xx.o(.text)
    EXTI2_IRQHandler                         0x080003e5   Thumb Code     0  startup_gd32h7xx.o(.text)
    EXTI3_IRQHandler                         0x080003e5   Thumb Code     0  startup_gd32h7xx.o(.text)
    EXTI4_IRQHandler                         0x080003e5   Thumb Code     0  startup_gd32h7xx.o(.text)
    EXTI5_9_IRQHandler                       0x080003e5   Thumb Code     0  startup_gd32h7xx.o(.text)
    FAC_IRQHandler                           0x080003e5   Thumb Code     0  startup_gd32h7xx.o(.text)
    FMC_IRQHandler                           0x080003e5   Thumb Code     0  startup_gd32h7xx.o(.text)
    FPU_IRQHandler                           0x080003e5   Thumb Code     0  startup_gd32h7xx.o(.text)
    HAU_TRNG_IRQHandler                      0x080003e5   Thumb Code     0  startup_gd32h7xx.o(.text)
    HPDF_INT0_IRQHandler                     0x080003e5   Thumb Code     0  startup_gd32h7xx.o(.text)
    HPDF_INT1_IRQHandler                     0x080003e5   Thumb Code     0  startup_gd32h7xx.o(.text)
    HPDF_INT2_IRQHandler                     0x080003e5   Thumb Code     0  startup_gd32h7xx.o(.text)
    HPDF_INT3_IRQHandler                     0x080003e5   Thumb Code     0  startup_gd32h7xx.o(.text)
    HWSEM_IRQHandler                         0x080003e5   Thumb Code     0  startup_gd32h7xx.o(.text)
    I2C0_ER_IRQHandler                       0x080003e5   Thumb Code     0  startup_gd32h7xx.o(.text)
    I2C0_EV_IRQHandler                       0x080003e5   Thumb Code     0  startup_gd32h7xx.o(.text)
    I2C0_WKUP_IRQHandler                     0x080003e5   Thumb Code     0  startup_gd32h7xx.o(.text)
    I2C1_ER_IRQHandler                       0x080003e5   Thumb Code     0  startup_gd32h7xx.o(.text)
    I2C1_EV_IRQHandler                       0x080003e5   Thumb Code     0  startup_gd32h7xx.o(.text)
    I2C1_WKUP_IRQHandler                     0x080003e5   Thumb Code     0  startup_gd32h7xx.o(.text)
    I2C2_ER_IRQHandler                       0x080003e5   Thumb Code     0  startup_gd32h7xx.o(.text)
    I2C2_EV_IRQHandler                       0x080003e5   Thumb Code     0  startup_gd32h7xx.o(.text)
    I2C2_WKUP_IRQHandler                     0x080003e5   Thumb Code     0  startup_gd32h7xx.o(.text)
    I2C3_ER_IRQHandler                       0x080003e5   Thumb Code     0  startup_gd32h7xx.o(.text)
    I2C3_EV_IRQHandler                       0x080003e5   Thumb Code     0  startup_gd32h7xx.o(.text)
    I2C3_WKUP_IRQHandler                     0x080003e5   Thumb Code     0  startup_gd32h7xx.o(.text)
    IPA_IRQHandler                           0x080003e5   Thumb Code     0  startup_gd32h7xx.o(.text)
    LPDTS_IRQHandler                         0x080003e5   Thumb Code     0  startup_gd32h7xx.o(.text)
    LPDTS_WKUP_IRQHandler                    0x080003e5   Thumb Code     0  startup_gd32h7xx.o(.text)
    MDIO_IRQHandler                          0x080003e5   Thumb Code     0  startup_gd32h7xx.o(.text)
    MDMA_IRQHandler                          0x080003e5   Thumb Code     0  startup_gd32h7xx.o(.text)
    OSPI0_IRQHandler                         0x080003e5   Thumb Code     0  startup_gd32h7xx.o(.text)
    OSPI1_IRQHandler                         0x080003e5   Thumb Code     0  startup_gd32h7xx.o(.text)
    RAMECCMU_IRQHandler                      0x080003e5   Thumb Code     0  startup_gd32h7xx.o(.text)
    RCU_IRQHandler                           0x080003e5   Thumb Code     0  startup_gd32h7xx.o(.text)
    RSPDIF_IRQHandler                        0x080003e5   Thumb Code     0  startup_gd32h7xx.o(.text)
    RTC_Alarm_IRQHandler                     0x080003e5   Thumb Code     0  startup_gd32h7xx.o(.text)
    RTC_WKUP_IRQHandler                      0x080003e5   Thumb Code     0  startup_gd32h7xx.o(.text)
    RTDEC0_IRQHandler                        0x080003e5   Thumb Code     0  startup_gd32h7xx.o(.text)
    RTDEC1_IRQHandler                        0x080003e5   Thumb Code     0  startup_gd32h7xx.o(.text)
    SAI0_IRQHandler                          0x080003e5   Thumb Code     0  startup_gd32h7xx.o(.text)
    SAI1_IRQHandler                          0x080003e5   Thumb Code     0  startup_gd32h7xx.o(.text)
    SAI2_IRQHandler                          0x080003e5   Thumb Code     0  startup_gd32h7xx.o(.text)
    SDIO0_IRQHandler                         0x080003e5   Thumb Code     0  startup_gd32h7xx.o(.text)
    SDIO1_IRQHandler                         0x080003e5   Thumb Code     0  startup_gd32h7xx.o(.text)
    SPI0_IRQHandler                          0x080003e5   Thumb Code     0  startup_gd32h7xx.o(.text)
    SPI1_IRQHandler                          0x080003e5   Thumb Code     0  startup_gd32h7xx.o(.text)
    SPI2_IRQHandler                          0x080003e5   Thumb Code     0  startup_gd32h7xx.o(.text)
    SPI3_IRQHandler                          0x080003e5   Thumb Code     0  startup_gd32h7xx.o(.text)
    SPI4_IRQHandler                          0x080003e5   Thumb Code     0  startup_gd32h7xx.o(.text)
    SPI5_IRQHandler                          0x080003e5   Thumb Code     0  startup_gd32h7xx.o(.text)
    TAMPER_STAMP_LXTAL_IRQHandler            0x080003e5   Thumb Code     0  startup_gd32h7xx.o(.text)
    TIMER0_BRK_IRQHandler                    0x080003e5   Thumb Code     0  startup_gd32h7xx.o(.text)
    TIMER0_Channel_IRQHandler                0x080003e5   Thumb Code     0  startup_gd32h7xx.o(.text)
    TIMER0_DEC_IRQHandler                    0x080003e5   Thumb Code     0  startup_gd32h7xx.o(.text)
    TIMER0_TRG_CMT_IRQHandler                0x080003e5   Thumb Code     0  startup_gd32h7xx.o(.text)
    TIMER0_UP_IRQHandler                     0x080003e5   Thumb Code     0  startup_gd32h7xx.o(.text)
    TIMER14_IRQHandler                       0x080003e5   Thumb Code     0  startup_gd32h7xx.o(.text)
    TIMER15_IRQHandler                       0x080003e5   Thumb Code     0  startup_gd32h7xx.o(.text)
    TIMER16_IRQHandler                       0x080003e5   Thumb Code     0  startup_gd32h7xx.o(.text)
    TIMER1_DEC_IRQHandler                    0x080003e5   Thumb Code     0  startup_gd32h7xx.o(.text)
    TIMER1_IRQHandler                        0x080003e5   Thumb Code     0  startup_gd32h7xx.o(.text)
    TIMER22_DEC_IRQHandler                   0x080003e5   Thumb Code     0  startup_gd32h7xx.o(.text)
    TIMER22_IRQHandler                       0x080003e5   Thumb Code     0  startup_gd32h7xx.o(.text)
    TIMER23_DEC_IRQHandler                   0x080003e5   Thumb Code     0  startup_gd32h7xx.o(.text)
    TIMER23_IRQHandler                       0x080003e5   Thumb Code     0  startup_gd32h7xx.o(.text)
    TIMER2_DEC_IRQHandler                    0x080003e5   Thumb Code     0  startup_gd32h7xx.o(.text)
    TIMER2_IRQHandler                        0x080003e5   Thumb Code     0  startup_gd32h7xx.o(.text)
    TIMER30_DEC_IRQHandler                   0x080003e5   Thumb Code     0  startup_gd32h7xx.o(.text)
    TIMER30_IRQHandler                       0x080003e5   Thumb Code     0  startup_gd32h7xx.o(.text)
    TIMER31_DEC_IRQHandler                   0x080003e5   Thumb Code     0  startup_gd32h7xx.o(.text)
    TIMER31_IRQHandler                       0x080003e5   Thumb Code     0  startup_gd32h7xx.o(.text)
    TIMER3_DEC_IRQHandler                    0x080003e5   Thumb Code     0  startup_gd32h7xx.o(.text)
    TIMER3_IRQHandler                        0x080003e5   Thumb Code     0  startup_gd32h7xx.o(.text)
    TIMER40_IRQHandler                       0x080003e5   Thumb Code     0  startup_gd32h7xx.o(.text)
    TIMER41_IRQHandler                       0x080003e5   Thumb Code     0  startup_gd32h7xx.o(.text)
    TIMER42_IRQHandler                       0x080003e5   Thumb Code     0  startup_gd32h7xx.o(.text)
    TIMER43_IRQHandler                       0x080003e5   Thumb Code     0  startup_gd32h7xx.o(.text)
    TIMER44_IRQHandler                       0x080003e5   Thumb Code     0  startup_gd32h7xx.o(.text)
    TIMER4_DEC_IRQHandler                    0x080003e5   Thumb Code     0  startup_gd32h7xx.o(.text)
    TIMER4_IRQHandler                        0x080003e5   Thumb Code     0  startup_gd32h7xx.o(.text)
    TIMER50_IRQHandler                       0x080003e5   Thumb Code     0  startup_gd32h7xx.o(.text)
    TIMER51_IRQHandler                       0x080003e5   Thumb Code     0  startup_gd32h7xx.o(.text)
    TIMER6_IRQHandler                        0x080003e5   Thumb Code     0  startup_gd32h7xx.o(.text)
    TIMER7_BRK_IRQHandler                    0x080003e5   Thumb Code     0  startup_gd32h7xx.o(.text)
    TIMER7_Channel_IRQHandler                0x080003e5   Thumb Code     0  startup_gd32h7xx.o(.text)
    TIMER7_DEC_IRQHandler                    0x080003e5   Thumb Code     0  startup_gd32h7xx.o(.text)
    TIMER7_TRG_CMT_IRQHandler                0x080003e5   Thumb Code     0  startup_gd32h7xx.o(.text)
    TIMER7_UP_IRQHandler                     0x080003e5   Thumb Code     0  startup_gd32h7xx.o(.text)
    TLI_ER_IRQHandler                        0x080003e5   Thumb Code     0  startup_gd32h7xx.o(.text)
    TLI_IRQHandler                           0x080003e5   Thumb Code     0  startup_gd32h7xx.o(.text)
    TMU_IRQHandler                           0x080003e5   Thumb Code     0  startup_gd32h7xx.o(.text)
    UART3_IRQHandler                         0x080003e5   Thumb Code     0  startup_gd32h7xx.o(.text)
    UART4_IRQHandler                         0x080003e5   Thumb Code     0  startup_gd32h7xx.o(.text)
    UART6_IRQHandler                         0x080003e5   Thumb Code     0  startup_gd32h7xx.o(.text)
    UART7_IRQHandler                         0x080003e5   Thumb Code     0  startup_gd32h7xx.o(.text)
    USART1_IRQHandler                        0x080003e5   Thumb Code     0  startup_gd32h7xx.o(.text)
    USART5_IRQHandler                        0x080003e5   Thumb Code     0  startup_gd32h7xx.o(.text)
    USBHS0_EP1_IN_IRQHandler                 0x080003e5   Thumb Code     0  startup_gd32h7xx.o(.text)
    USBHS0_EP1_OUT_IRQHandler                0x080003e5   Thumb Code     0  startup_gd32h7xx.o(.text)
    USBHS0_IRQHandler                        0x080003e5   Thumb Code     0  startup_gd32h7xx.o(.text)
    USBHS0_WKUP_IRQHandler                   0x080003e5   Thumb Code     0  startup_gd32h7xx.o(.text)
    USBHS1_EP1_IN_IRQHandler                 0x080003e5   Thumb Code     0  startup_gd32h7xx.o(.text)
    USBHS1_EP1_OUT_IRQHandler                0x080003e5   Thumb Code     0  startup_gd32h7xx.o(.text)
    USBHS1_IRQHandler                        0x080003e5   Thumb Code     0  startup_gd32h7xx.o(.text)
    USBHS1_WKUP_IRQHandler                   0x080003e5   Thumb Code     0  startup_gd32h7xx.o(.text)
    WWDGT_IRQHandler                         0x080003e5   Thumb Code     0  startup_gd32h7xx.o(.text)
    __scatterload                            0x080003f5   Thumb Code    28  init.o(.text)
    __scatterload_rt2                        0x080003f5   Thumb Code     0  init.o(.text)
    __decompress                             0x08000419   Thumb Code     0  __dczerorl2.o(.text)
    __decompress1                            0x08000419   Thumb Code    86  __dczerorl2.o(.text)
    cache_enable                             0x08000471   Thumb Code   174  driver_public.o(FLASH_AREA)
    cache_disable                            0x0800051f   Thumb Code   146  driver_public.o(FLASH_AREA)
    delay_init                               0x080005fd   Thumb Code    70  driver_public.o(FLASH_AREA)
    driver_system_config                     0x080008cd   Thumb Code     8  driver_public.o(FLASH_AREA)
    driver_init                              0x080008d5   Thumb Code   136  driver_public.o(FLASH_AREA)
    mpu_config                               0x0800095d   Thumb Code   122  driver_public.o(FLASH_AREA)
    Long Thumb to Thumb Veneer to bsp_8080_lcd_init 0x08000a05   Thumb Code    10  anon$$obj.o(Veneer$$Code)
    Long Thumb to Thumb Veneer to bsp_8080_lcd_clear 0x08000a0f   Thumb Code    10  anon$$obj.o(Veneer$$Code)
    Long Thumb to Thumb Veneer to bsp_8080_lcd_show_log 0x08000a19   Thumb Code    10  anon$$obj.o(Veneer$$Code)
    Long Thumb to Thumb Veneer to bsp_8080_lcd_printf_init 0x08000a23   Thumb Code    10  anon$$obj.o(Veneer$$Code)
    SystemCoreClockUpdate                    0x08000a2d   Thumb Code   212  system_gd32h7xx.o(i.SystemCoreClockUpdate)
    SystemInit                               0x08000b15   Thumb Code   314  system_gd32h7xx.o(i.SystemInit)
    __scatterload_copy                       0x08000c89   Thumb Code    14  handlers.o(i.__scatterload_copy)
    __scatterload_null                       0x08000c97   Thumb Code     2  handlers.o(i.__scatterload_null)
    __scatterload_zeroinit                   0x08000c99   Thumb Code    14  handlers.o(i.__scatterload_zeroinit)
    dci_capture_enable                       0x08000cc5   Thumb Code    14  gd32h7xx_dci.o(i.dci_capture_enable)
    dci_deinit                               0x08000cd9   Thumb Code    20  gd32h7xx_dci.o(i.dci_deinit)
    dci_enable                               0x08000ced   Thumb Code    14  gd32h7xx_dci.o(i.dci_enable)
    dci_init                                 0x08000d01   Thumb Code    46  gd32h7xx_dci.o(i.dci_init)
    driver_exmc_lcd_init                     0x08000de5   Thumb Code   304  driver_exmc.o(i.driver_exmc_lcd_init)
    driver_exmc_sdram_init                   0x0800105d   Thumb Code   358  driver_exmc.o(i.driver_exmc_sdram_init)
    exmc_flag_get                            0x080011c5   Thumb Code    36  gd32h7xx_exmc.o(i.exmc_flag_get)
    exmc_norsram_enable                      0x080011ed   Thumb Code    18  gd32h7xx_exmc.o(i.exmc_norsram_enable)
    exmc_norsram_init                        0x08001205   Thumb Code   214  gd32h7xx_exmc.o(i.exmc_norsram_init)
    exmc_norsram_struct_para_init            0x080012e5   Thumb Code    42  gd32h7xx_exmc.o(i.exmc_norsram_struct_para_init)
    exmc_sdram_command_config                0x08001311   Thumb Code    22  gd32h7xx_exmc.o(i.exmc_sdram_command_config)
    exmc_sdram_init                          0x0800132d   Thumb Code   268  gd32h7xx_exmc.o(i.exmc_sdram_init)
    exmc_sdram_refresh_count_set             0x08001445   Thumb Code    28  gd32h7xx_exmc.o(i.exmc_sdram_refresh_count_set)
    exmc_sdram_struct_para_init              0x08001469   Thumb Code    38  gd32h7xx_exmc.o(i.exmc_sdram_struct_para_init)
    gpio_af_set                              0x08001529   Thumb Code    94  gd32h7xx_gpio.o(i.gpio_af_set)
    gpio_bit_reset                           0x08001587   Thumb Code     4  gd32h7xx_gpio.o(i.gpio_bit_reset)
    gpio_bit_set                             0x0800158b   Thumb Code     4  gd32h7xx_gpio.o(i.gpio_bit_set)
    gpio_bit_write                           0x0800158f   Thumb Code    10  gd32h7xx_gpio.o(i.gpio_bit_write)
    gpio_input_bit_get                       0x08001599   Thumb Code    16  gd32h7xx_gpio.o(i.gpio_input_bit_get)
    gpio_mode_set                            0x080015a9   Thumb Code    78  gd32h7xx_gpio.o(i.gpio_mode_set)
    gpio_output_options_set                  0x080015f7   Thumb Code    66  gd32h7xx_gpio.o(i.gpio_output_options_set)
    mpu_region_config                        0x08001639   Thumb Code    66  gd32h7xx_misc.o(i.mpu_region_config)
    mpu_region_enable                        0x08001681   Thumb Code    14  gd32h7xx_misc.o(i.mpu_region_enable)
    mpu_region_struct_para_init              0x08001695   Thumb Code    30  gd32h7xx_misc.o(i.mpu_region_struct_para_init)
    nvic_vector_table_set                    0x080016b5   Thumb Code    16  gd32h7xx_misc.o(i.nvic_vector_table_set)
    ob_lock                                  0x080016cd   Thumb Code    14  gd32h7xx_fmc.o(i.ob_lock)
    ob_start                                 0x080016e1   Thumb Code    28  gd32h7xx_fmc.o(i.ob_start)
    ob_tcm_ecc_config                        0x08001701   Thumb Code    56  gd32h7xx_fmc.o(i.ob_tcm_ecc_config)
    ob_tcm_ecc_get                           0x0800173d   Thumb Code    28  gd32h7xx_fmc.o(i.ob_tcm_ecc_get)
    ob_tcm_shared_ram_config                 0x0800175d   Thumb Code    44  gd32h7xx_fmc.o(i.ob_tcm_shared_ram_config)
    ob_tcm_shared_ram_size_get               0x0800178d   Thumb Code   144  gd32h7xx_fmc.o(i.ob_tcm_shared_ram_size_get)
    ob_unlock                                0x08001821   Thumb Code    22  gd32h7xx_fmc.o(i.ob_unlock)
    pmu_smps_ldo_supply_config               0x08001845   Thumb Code    60  gd32h7xx_pmu.o(i.pmu_smps_ldo_supply_config)
    rcu_clock_freq_get                       0x08001885   Thumb Code  2126  gd32h7xx_rcu.o(i.rcu_clock_freq_get)
    rcu_irc64mdiv_freq_get                   0x080020e1   Thumb Code    70  gd32h7xx_rcu.o(i.rcu_irc64mdiv_freq_get)
    rcu_periph_clock_enable                  0x0800213d   Thumb Code    32  gd32h7xx_rcu.o(i.rcu_periph_clock_enable)
    rcu_periph_reset_disable                 0x08002161   Thumb Code    32  gd32h7xx_rcu.o(i.rcu_periph_reset_disable)
    rcu_periph_reset_enable                  0x08002185   Thumb Code    32  gd32h7xx_rcu.o(i.rcu_periph_reset_enable)
    syscfg_exti_line_config                  0x08002205   Thumb Code   166  gd32h7xx_syscfg.o(i.syscfg_exti_line_config)
    change_reg                               0x080023f4   Data         336  bsp_ov7670.o(.constdata)
    ascii_12_6                               0x08002580   Data        1140  bsp_lcd_font.o(FLASH_AREA)
    ascii_16_8                               0x08002a00   Data        1520  bsp_lcd_font.o(FLASH_AREA)
    ascii_24_12                              0x08003000   Data        3420  bsp_lcd_font.o(FLASH_AREA)
    ascii_32_16                              0x08003d60   Data        6080  bsp_lcd_font.o(FLASH_AREA)
    gd_log_picture                           0x08005520   Data       34800  gd_log.o(FLASH_AREA)
    Region$$Table$$Base                      0x0800dd10   Number         0  anon$$obj.o(Region$$Table)
    Region$$Table$$Limit                     0x0800dd80   Number         0  anon$$obj.o(Region$$Table)
    Image$$RW_AXI_RAM$$RW$$Base              0x24000000   Number         0  anon$$obj.o ABSOLUTE
    SystemCoreClock                          0x24000000   Data           4  system_gd32h7xx.o(.data)
    BOARD_UART_USART_TX_GPIO                 0x24000004   Data          44  bsp_uart.o(.data)
    BOARD_UART_USART_RX_GPIO                 0x24000030   Data          44  bsp_uart.o(.data)
    BOARD_UART_USART_TX_DMA                  0x2400005c   Data          20  bsp_uart.o(.data)
    BOARD_UART_USART_RX_DMA                  0x24000070   Data          20  bsp_uart.o(.data)
    BOARD_UART                               0x24000084   Data          76  bsp_uart.o(.data)
    MODULE_USART_USART_TX_GPIO               0x240000d0   Data          44  bsp_uart.o(.data)
    MODULE_USART_USART_RX_GPIO               0x240000fc   Data          44  bsp_uart.o(.data)
    MODULE_USART_USART_TX_DMA                0x24000128   Data          20  bsp_uart.o(.data)
    MODULE_USART_USART_RX_DMA                0x2400013c   Data          20  bsp_uart.o(.data)
    MODULE_USART                             0x24000150   Data          76  bsp_uart.o(.data)
    RS485_DIR                                0x2400019c   Data          44  bsp_uart.o(.data)
    UART_INIT_GROUP                          0x240001c8   Data           8  bsp_uart.o(.data)
    LED1                                     0x240001d0   Data          44  bsp_led.o(.data)
    LED2                                     0x240001fc   Data          44  bsp_led.o(.data)
    LED3                                     0x24000228   Data          44  bsp_led.o(.data)
    LED4                                     0x24000254   Data          44  bsp_led.o(.data)
    LED_INIT_GROUP                           0x24000280   Data          16  bsp_led.o(.data)
    USER_KEY_GPIO                            0x24000290   Data          44  bsp_key.o(.data)
    USER_KEY                                 0x240002bc   Data          12  bsp_key.o(.data)
    WKUP_KEY_GPIO                            0x240002c8   Data          44  bsp_key.o(.data)
    WKUP_KEY                                 0x240002f4   Data          12  bsp_key.o(.data)
    KEY_INIT_GROUP                           0x24000300   Data           8  bsp_key.o(.data)
    all_key_up                               0x24000308   Data           1  bsp_key.o(.data)
    TIMER_INT                                0x2400030c   Data          12  bsp_timer.o(.data)
    DCI_PWDN                                 0x24000318   Data          44  bsp_ov7670.o(.data)
    DCI_DMA                                  0x24000344   Data          20  bsp_ov7670.o(.data)
    XLK_PWM_TIMER_GPIO                       0x24000358   Data          44  bsp_ov7670.o(.data)
    XLK_PWM                                  0x24000384   Data          28  bsp_ov7670.o(.data)
    LCD_8080_BL_TIMER_GPIO                   0x240003a0   Data          44  bsp_8080_lcd.o(.data)
    LCD_8080_BL                              0x240003cc   Data          28  bsp_8080_lcd.o(.data)
    EXMC_Ax_GPIO                             0x240003e8   Data          44  bsp_8080_lcd.o(.data)
    EXMC_NEx_GPIO                            0x24000414   Data          44  bsp_8080_lcd.o(.data)
    LCD_8080_RST                             0x24000440   Data          44  bsp_8080_lcd.o(.data)
    CAMERA_IIC_SCL                           0x24000470   Data          44  bsp_software_i2c.o(.data)
    CAMERA_IIC_SDA                           0x2400049c   Data          44  bsp_software_i2c.o(.data)
    CAMERA_IIC                               0x240004c8   Data          12  bsp_software_i2c.o(.data)
    TOUCH_CAP_IIC_SCL                        0x240004d4   Data          44  bsp_software_i2c.o(.data)
    TOUCH_CAP_IIC_SDA                        0x24000500   Data          44  bsp_software_i2c.o(.data)
    TOUCH_CAP_IIC                            0x2400052c   Data          12  bsp_software_i2c.o(.data)
    driver_tick_handle                       0x24000538   Data          24  driver_public.o(.data)
    driver_tick                              0x24000550   Data           8  driver_public.o(.data)
    DMA_MEM                                  0x24000560   Data          20  driver_dma.o(.data)
    __stdout                                 0x24000578   Data           4  stdout.o(.data)
    bsp_8080_lcd_pritnf_parameter            0x2400057c   Data          24  bsp_8080_lcd.o(.bss)
    bsp_8080_lcd_parameter                   0x24000594   Data          32  bsp_8080_lcd.o(.bss)
    rxdesc_tab                               0x30000000   Data          80  gd32h7xx_enet.o(.ARM.__at_0x30000000)
    txdesc_tab                               0x30000160   Data          80  gd32h7xx_enet.o(.ARM.__at_0x30000160)
    rx_buff                                  0x30000300   Data        7620  gd32h7xx_enet.o(.ARM.__at_0x30000300)
    tx_buff                                  0x30002100   Data        7620  gd32h7xx_enet.o(.ARM.__at_0x30002100)
    camera_buff                              0xc0600000   Data       153600  bsp_ov7670.o(DMA_AREA_SDRAM)



==============================================================================

Memory Map of the image

  Image Entry point : 0x080003a5

  Load Region LR_IROM1 (Base: 0x08000000, Size: 0x0003d1c0, Max: 0x003c0000, ABSOLUTE, COMPRESSED[0x00013674])

    Execution Region RW_ITC_STACK_RAM (Exec base: 0x00000000, Load base: 0x0800dd80, Size: 0x00004000, Max: 0x00004000, ABSOLUTE)

    Exec Addr    Load Addr    Size         Type   Attr      Idx    E Section Name        Object

    0x00000000        -       0x00004000   Zero   RW        14633    STACK               startup_gd32h7xx.o


    Execution Region ER_ITC_RAM_CODE (Exec base: 0x00004000, Load base: 0x0800dd80, Size: 0x00005800, Max: 0x0007c000, ABSOLUTE, COMPRESSED[0x00000010])

    Exec Addr    Load Addr    Size         Type   Attr      Idx    E Section Name        Object

    0x00004000   0x0800dd80   0x00000062   Code   RO        14643    .text               mc_w.l(uldiv.o)
    0x00004062   0x0800dde2   0x0000000e   Code   RO        14649    .text               mc_w.l(strlen.o)
    0x00004070   0x0800ddf0   0x0000002c   Code   RO        14931    .text               mc_w.l(uidiv.o)
    0x0000409c   0x0800de1c   0x0000001e   Code   RO        14933    .text               mc_w.l(llshl.o)
    0x000040ba   0x0800de3a   0x00000020   Code   RO        14935    .text               mc_w.l(llushr.o)
    0x000040da   0x0800de5a   0x00000000   Code   RO        14937    .text               mc_w.l(iusefp.o)
    0x000040da   0x0800de5a   0x0000014e   Code   RO        14938    .text               mf_w.l(dadd.o)
    0x00004228   0x0800dfa8   0x000000e4   Code   RO        14940    .text               mf_w.l(dmul.o)
    0x0000430c   0x0800e08c   0x000000de   Code   RO        14942    .text               mf_w.l(ddiv.o)
    0x000043ea   0x0800e16a   0x00000030   Code   RO        14944    .text               mf_w.l(dfixul.o)
    0x0000441a   COMPRESSED   0x00000002   PAD
    0x0000441c   0x0800e19c   0x00000030   Code   RO        14946    .text               mf_w.l(cdrcmple.o)
    0x0000444c   0x0800e1cc   0x00000024   Code   RO        14950    .text               mc_w.l(llsshr.o)
    0x00004470   0x0800e1f0   0x000000ba   Code   RO        14952    .text               mf_w.l(depilogue.o)
    0x0000452a   COMPRESSED   0x00000002   PAD
    0x0000452c   0x0800e2ac   0x00000168   Code   RO        13868    RAM_CODE            driver_public.o
    0x00004694   0x0800e414   0x0000000a   Ven    RO        14970    Veneer$$Code        anon$$obj.o
    0x0000469e   0x0800e41e   0x0000000a   Ven    RO        14971    Veneer$$Code        anon$$obj.o
    0x000046a8   0x0800e428   0x0000000a   Ven    RO        14972    Veneer$$Code        anon$$obj.o
    0x000046b2   0x0800e432   0x0000000a   Ven    RO        14973    Veneer$$Code        anon$$obj.o
    0x000046bc   0x0800e43c   0x0000000a   Ven    RO        14974    Veneer$$Code        anon$$obj.o
    0x000046c6   0x0800e446   0x0000000a   Ven    RO        14975    Veneer$$Code        anon$$obj.o
    0x000046d0   0x0800e450   0x0000000a   Ven    RO        14976    Veneer$$Code        anon$$obj.o
    0x000046da   0x0800e45a   0x0000000a   Ven    RO        14977    Veneer$$Code        anon$$obj.o
    0x000046e4   0x0800e464   0x0000000a   Ven    RO        14978    Veneer$$Code        anon$$obj.o
    0x000046ee   0x0800e46e   0x0000000a   Ven    RO        14979    Veneer$$Code        anon$$obj.o
    0x000046f8   0x0800e478   0x0000000a   Ven    RO        14980    Veneer$$Code        anon$$obj.o
    0x00004702   0x0800e482   0x0000000a   Ven    RO        14981    Veneer$$Code        anon$$obj.o
    0x0000470c   0x0800e48c   0x0000000a   Ven    RO        14982    Veneer$$Code        anon$$obj.o
    0x00004716   0x0800e496   0x0000000a   Ven    RO        14983    Veneer$$Code        anon$$obj.o
    0x00004720   0x0800e4a0   0x0000000a   Ven    RO        14984    Veneer$$Code        anon$$obj.o
    0x0000472a   0x0800e4aa   0x0000000a   Ven    RO        14985    Veneer$$Code        anon$$obj.o
    0x00004734   0x0800e4b4   0x0000000a   Ven    RO        14986    Veneer$$Code        anon$$obj.o
    0x0000473e   0x0800e4be   0x0000000a   Ven    RO        14987    Veneer$$Code        anon$$obj.o
    0x00004748   0x0800e4c8   0x0000000a   Ven    RO        14988    Veneer$$Code        anon$$obj.o
    0x00004752   0x0800e4d2   0x0000000a   Ven    RO        14989    Veneer$$Code        anon$$obj.o
    0x0000475c   0x0800e4dc   0x0000002c   Code   RO        13869    i.ARM_MPU_Enable    driver_public.o
    0x00004788   0x0800e508   0x00000008   Code   RO          261    i.BusFault_Handler  gd32h7xx_interrupt.o
    0x00004790   0x0800e510   0x00000010   Code   RO        12055    i.EXTI0_IRQHandler  bsp_key.o
    0x000047a0   0x0800e520   0x00000010   Code   RO        12056    i.EXTI1_IRQHandler  bsp_key.o
    0x000047b0   0x0800e530   0x00000008   Code   RO          262    i.HardFault_Handler  gd32h7xx_interrupt.o
    0x000047b8   0x0800e538   0x0000000c   Code   RO        13663    i.IIC_SCL_H         bsp_software_i2c.o
    0x000047c4   0x0800e544   0x0000000c   Code   RO        13664    i.IIC_SCL_L         bsp_software_i2c.o
    0x000047d0   0x0800e550   0x0000000c   Code   RO        13665    i.IIC_SDA_H         bsp_software_i2c.o
    0x000047dc   0x0800e55c   0x0000000c   Code   RO        13666    i.IIC_SDA_L         bsp_software_i2c.o
    0x000047e8   0x0800e568   0x00000008   Code   RO          263    i.MemManage_Handler  gd32h7xx_interrupt.o
    0x000047f0   0x0800e570   0x00000008   Code   RO          264    i.NMI_Handler       gd32h7xx_interrupt.o
    0x000047f8   0x0800e578   0x0000000c   Code   RO        13667    i.READ_SDA          bsp_software_i2c.o
    0x00004804   0x0800e584   0x00000012   Code   RO        13668    i.SDA_IN            bsp_software_i2c.o
    0x00004816   0x0800e596   0x0000001e   Code   RO        13669    i.SDA_OUT_OD        bsp_software_i2c.o
    0x00004834   0x0800e5b4   0x0000001e   Code   RO        13670    i.SDA_OUT_PP        bsp_software_i2c.o
    0x00004852   0x0800e5d2   0x00000008   Code   RO          265    i.SysTick_Handler   gd32h7xx_interrupt.o
    0x0000485a   COMPRESSED   0x00000002   PAD
    0x0000485c   0x0800e5dc   0x00000010   Code   RO        12867    i.TIMER5_DAC_UDR_IRQHandler  bsp_timer.o
    0x0000486c   0x0800e5ec   0x00000010   Code   RO        11689    i.USART0_IRQHandler  bsp_uart.o
    0x0000487c   0x0800e5fc   0x00000010   Code   RO        11690    i.USART2_IRQHandler  bsp_uart.o
    0x0000488c   0x0800e60c   0x00000008   Code   RO          266    i.UsageFault_Handler  gd32h7xx_interrupt.o
    0x00004894   0x0800e614   0x00000020   Code   RO        14888    i.__0printf         mc_w.l(printfa.o)
    0x000048b4   0x0800e634   0x00000024   Code   RO        14894    i.__0vsprintf       mc_w.l(printfa.o)
    0x000048d8   0x0800e658   0x00000028   Code   RO        13870    i.__NVIC_SetPriority  driver_public.o
    0x00004900   0x0800e680   0x00000164   Code   RO        14895    i._fp_digits        mc_w.l(printfa.o)
    0x00004a64   0x0800e7e4   0x000006dc   Code   RO        14896    i._printf_core      mc_w.l(printfa.o)
    0x00005140   0x0800eec0   0x00000024   Code   RO        14897    i._printf_post_padding  mc_w.l(printfa.o)
    0x00005164   0x0800eee4   0x0000002e   Code   RO        14898    i._printf_pre_padding  mc_w.l(printfa.o)
    0x00005192   0x0800ef12   0x0000000a   Code   RO        14900    i._sputc            mc_w.l(printfa.o)
    0x0000519c   0x0800ef1c   0x0000001c   Code   RO        13156    i.bsp_8080_lcd_backlight_duty_set  bsp_8080_lcd.o
    0x000051b8   0x0800ef38   0x0000001c   Code   RO        13158    i.bsp_8080_lcd_backlight_on  bsp_8080_lcd.o
    0x000051d4   0x0800ef54   0x00000044   Code   RO        13159    i.bsp_8080_lcd_clear  bsp_8080_lcd.o
    0x00005218   0x0800ef98   0x000000ac   Code   RO        13160    i.bsp_8080_lcd_color_fill  bsp_8080_lcd.o
    0x000052c4   0x0800f044   0x000000c8   Code   RO        13161    i.bsp_8080_lcd_display_dir  bsp_8080_lcd.o
    0x0000538c   0x0800f10c   0x00000054   Code   RO        13167    i.bsp_8080_lcd_draw_point  bsp_8080_lcd.o
    0x000053e0   0x0800f160   0x000000bc   Code   RO        13169    i.bsp_8080_lcd_fill  bsp_8080_lcd.o
    0x0000549c   0x0800f21c   0x000000d8   Code   RO        13171    i.bsp_8080_lcd_init  bsp_8080_lcd.o
    0x00005574   0x0800f2f4   0x00000040   Code   RO        13173    i.bsp_8080_lcd_port_init  bsp_8080_lcd.o
    0x000055b4   0x0800f334   0x00000164   Code   RO        13175    i.bsp_8080_lcd_printf  bsp_8080_lcd.o
    0x00005718   0x0800f498   0x00000054   Code   RO        13176    i.bsp_8080_lcd_printf_init  bsp_8080_lcd.o
    0x0000576c   0x0800f4ec   0x0000000c   Code   RO        13177    i.bsp_8080_lcd_read_data  bsp_8080_lcd.o
    0x00005778   0x0800f4f8   0x00000190   Code   RO        13179    i.bsp_8080_lcd_scan_dir  bsp_8080_lcd.o
    0x00005908   0x0800f688   0x00000058   Code   RO        13180    i.bsp_8080_lcd_set_cursor  bsp_8080_lcd.o
    0x00005960   0x0800f6e0   0x000000e8   Code   RO        13181    i.bsp_8080_lcd_set_window  bsp_8080_lcd.o
    0x00005a48   0x0800f7c8   0x00000138   Code   RO        13182    i.bsp_8080_lcd_show_char  bsp_8080_lcd.o
    0x00005b80   0x0800f900   0x00000018   Code   RO        13183    i.bsp_8080_lcd_show_log  bsp_8080_lcd.o
    0x00005b98   0x0800f918   0x00000010   Code   RO        13189    i.bsp_8080_lcd_wr_data  bsp_8080_lcd.o
    0x00005ba8   0x0800f928   0x0000000e   Code   RO        13190    i.bsp_8080_lcd_wr_regno  bsp_8080_lcd.o
    0x00005bb6   COMPRESSED   0x00000002   PAD
    0x00005bb8   0x0800f938   0x0000001c   Code   RO        13191    i.bsp_8080_lcd_write_reg  bsp_8080_lcd.o
    0x00005bd4   0x0800f954   0x00000020   Code   RO        13065    i.bsp_dci_byte_read  bsp_ov7670.o
    0x00005bf4   0x0800f974   0x00000018   Code   RO        13066    i.bsp_dci_byte_write  bsp_ov7670.o
    0x00005c0c   0x0800f98c   0x00000020   Code   RO        11776    i.bsp_led_group_init  bsp_led.o
    0x00005c2c   0x0800f9ac   0x0000000c   Code   RO        11777    i.bsp_led_init      bsp_led.o
    0x00005c38   0x0800f9b8   0x0000000e   Code   RO        11778    i.bsp_led_off       bsp_led.o
    0x00005c46   0x0800f9c6   0x00000018   Code   RO        11779    i.bsp_led_on        bsp_led.o
    0x00005c5e   0x0800f9de   0x0000000c   Code   RO        11780    i.bsp_led_toggle    bsp_led.o
    0x00005c6a   COMPRESSED   0x00000002   PAD
    0x00005c6c   0x0800f9ec   0x00000028   Code   RO        13067    i.bsp_mco_init      bsp_ov7670.o
    0x00005c94   0x0800fa14   0x00000058   Code   RO        13068    i.bsp_ov7670_id_read  bsp_ov7670.o
    0x00005cec   0x0800fa6c   0x000000a4   Code   RO        13069    i.bsp_ov7670_init   bsp_ov7670.o
    0x00005d90   0x0800fb10   0x00000010   Code   RO        13070    i.bsp_sccb_config   bsp_ov7670.o
    0x00005da0   0x0800fb20   0x00000036   Code   RO        13671    i.bsp_software_i2c_ack  bsp_software_i2c.o
    0x00005dd6   0x0800fb56   0x0000001a   Code   RO        13672    i.bsp_software_i2c_delay  bsp_software_i2c.o
    0x00005df0   0x0800fb70   0x00000012   Code   RO        13673    i.bsp_software_i2c_init  bsp_software_i2c.o
    0x00005e02   0x0800fb82   0x00000066   Code   RO        13679    i.bsp_software_i2c_mem_write_byte  bsp_software_i2c.o
    0x00005e68   0x0800fbe8   0x00000036   Code   RO        13680    i.bsp_software_i2c_nack  bsp_software_i2c.o
    0x00005e9e   0x0800fc1e   0x0000005e   Code   RO        13681    i.bsp_software_i2c_read_byte  bsp_software_i2c.o
    0x00005efc   0x0800fc7c   0x00000036   Code   RO        13682    i.bsp_software_i2c_read_data  bsp_software_i2c.o
    0x00005f32   0x0800fcb2   0x0000005a   Code   RO        13683    i.bsp_software_i2c_send_byte  bsp_software_i2c.o
    0x00005f8c   0x0800fd0c   0x0000003e   Code   RO        13684    i.bsp_software_i2c_start  bsp_software_i2c.o
    0x00005fca   0x0800fd4a   0x0000003e   Code   RO        13685    i.bsp_software_i2c_stop  bsp_software_i2c.o
    0x00006008   0x0800fd88   0x00000066   Code   RO        13686    i.bsp_software_i2c_wait_ack  bsp_software_i2c.o
    0x0000606e   0x0800fdee   0x00000052   Code   RO        13687    i.bsp_software_i2c_write_byte  bsp_software_i2c.o
    0x000060c0   0x0800fe40   0x0000000c   Code   RO        11695    i.bsp_uart_init     bsp_uart.o
    0x000060cc   0x0800fe4c   0x00000050   Code   RO        13071    i.dci_check_ready   bsp_ov7670.o
    0x0000611c   0x0800fe9c   0x000000f0   Code   RO        13072    i.dci_config        bsp_ov7670.o
    0x0000620c   0x0800ff8c   0x0000001c   Code   RO        13073    i.dci_restart       bsp_ov7670.o
    0x00006228   0x0800ffa8   0x00000020   Code   RO         2457    i.dma_channel_disable  gd32h7xx_dma.o
    0x00006248   0x0800ffc8   0x00000020   Code   RO         2458    i.dma_channel_enable  gd32h7xx_dma.o
    0x00006268   0x0800ffe8   0x00000020   Code   RO         2459    i.dma_circulation_disable  gd32h7xx_dma.o
    0x00006288   0x08010008   0x00000020   Code   RO         2460    i.dma_circulation_enable  gd32h7xx_dma.o
    0x000062a8   0x08010028   0x000000a4   Code   RO         2461    i.dma_deinit        gd32h7xx_dma.o
    0x0000634c   0x080100cc   0x0000003e   Code   RO         2463    i.dma_flag_clear    gd32h7xx_dma.o
    0x0000638a   0x0801010a   0x0000004c   Code   RO         2464    i.dma_flag_get      gd32h7xx_dma.o
    0x000063d6   0x08010156   0x00000020   Code   RO         2469    i.dma_memory_address_config  gd32h7xx_dma.o
    0x000063f6   0x08010176   0x00000040   Code   RO         2470    i.dma_memory_address_generation_config  gd32h7xx_dma.o
    0x00006436   0x080101b6   0x00000024   Code   RO         2472    i.dma_memory_width_config  gd32h7xx_dma.o
    0x0000645a   0x080101da   0x00000010   Code   RO         2475    i.dma_periph_address_config  gd32h7xx_dma.o
    0x0000646a   0x080101ea   0x00000024   Code   RO         2477    i.dma_periph_width_config  gd32h7xx_dma.o
    0x0000648e   0x0801020e   0x0000007e   Code   RO         2478    i.dma_peripheral_address_generation_config  gd32h7xx_dma.o
    0x0000650c   0x0801028c   0x00000024   Code   RO         2479    i.dma_priority_config  gd32h7xx_dma.o
    0x00006530   0x080102b0   0x000001ec   Code   RO         2480    i.dma_single_data_mode_init  gd32h7xx_dma.o
    0x0000671c   0x0801049c   0x00000024   Code   RO         2481    i.dma_single_data_para_struct_init  gd32h7xx_dma.o
    0x00006740   0x080104c0   0x00000024   Code   RO         2485    i.dma_transfer_direction_config  gd32h7xx_dma.o
    0x00006764   0x080104e4   0x00000010   Code   RO         2486    i.dma_transfer_number_config  gd32h7xx_dma.o
    0x00006774   0x080104f4   0x00000010   Code   RO         2487    i.dma_transfer_number_get  gd32h7xx_dma.o
    0x00006784   0x08010504   0x00000080   Code   RO        14006    i.driver_dma_com_init  driver_dma.o
    0x00006804   0x08010584   0x00000068   Code   RO        14007    i.driver_dma_flag_wait_timeout  driver_dma.o
    0x0000686c   0x080105ec   0x00000016   Code   RO        14008    i.driver_dma_mem_init  driver_dma.o
    0x00006882   COMPRESSED   0x00000002   PAD
    0x00006884   0x08010604   0x00000110   Code   RO        14009    i.driver_dma_mem_to_exmclcd_start  driver_dma.o
    0x00006994   0x08010714   0x0000003a   Code   RO        14011    i.driver_dma_start  driver_dma.o
    0x000069ce   COMPRESSED   0x00000002   PAD
    0x000069d0   0x08010750   0x000000a8   Code   RO        13935    i.driver_gpio_general_init  driver_gpio.o
    0x00006a78   0x080107f8   0x0000000e   Code   RO        13936    i.driver_gpio_pin_get  driver_gpio.o
    0x00006a86   0x08010806   0x0000000e   Code   RO        13937    i.driver_gpio_pin_reset  driver_gpio.o
    0x00006a94   0x08010814   0x0000000e   Code   RO        13938    i.driver_gpio_pin_set  driver_gpio.o
    0x00006aa2   0x08010822   0x0000001c   Code   RO        13939    i.driver_gpio_pin_toggle  driver_gpio.o
    0x00006abe   0x0801083e   0x00000012   Code   RO        13940    i.driver_gpio_pin_write  driver_gpio.o
    0x00006ad0   0x08010850   0x00000054   Code   RO        14511    i.driver_timer_base_init  driver_timer.o
    0x00006b24   0x080108a4   0x00000158   Code   RO        14513    i.driver_timer_channel_init  driver_timer.o
    0x00006c7c   0x080109fc   0x0000002e   Code   RO        14516    i.driver_timer_pwm_duty_set  driver_timer.o
    0x00006caa   0x08010a2a   0x00000010   Code   RO        14518    i.driver_timer_pwm_on  driver_timer.o
    0x00006cba   0x08010a3a   0x00000020   Code   RO        14521    i.driver_timer_updata_int_handler  driver_timer.o
    0x00006cda   COMPRESSED   0x00000002   PAD
    0x00006cdc   0x08010a5c   0x00000044   Code   RO        14073    i.driver_uart_flag_wait_timeout  driver_uart.o
    0x00006d20   0x08010aa0   0x00000090   Code   RO        14074    i.driver_uart_init  driver_uart.o
    0x00006db0   0x08010b30   0x00000190   Code   RO        14075    i.driver_uart_int_handler  driver_uart.o
    0x00006f40   0x08010cc0   0x00000094   Code   RO        14080    i.driver_uart_transmit_byte  driver_uart.o
    0x00006fd4   0x08010d54   0x00000034   Code   RO        13941    i.dvire_gpio_exti_handle  driver_gpio.o
    0x00007008   0x08010d88   0x0000004c   Code   RO          267    i.error_reset       gd32h7xx_interrupt.o
    0x00007054   0x08010dd4   0x00000014   Code   RO         3824    i.exti_flag_clear   gd32h7xx_exti.o
    0x00007068   0x08010de8   0x00000020   Code   RO         3825    i.exti_flag_get     gd32h7xx_exti.o
    0x00007088   0x08010e08   0x00000198   Code   RO         3826    i.exti_init         gd32h7xx_exti.o
    0x00007220   0x08010fa0   0x00000014   Code   RO         3829    i.exti_interrupt_flag_clear  gd32h7xx_exti.o
    0x00007234   0x08010fb4   0x00000018   Code   RO        11696    i.fputc             bsp_uart.o
    0x0000724c   0x08010fcc   0x0000022c   Code   RO        13192    i.lcd_ex_ili9341_reginit  bsp_8080_lcd.o
    0x00007478   0x080111f8   0x000001f6   Code   RO        13193    i.lcd_ex_ili9488_reginit  bsp_8080_lcd.o
    0x0000766e   COMPRESSED   0x00000002   PAD
    0x00007670   0x080113f0   0x000000cc   Code   RO            4    i.main              main.o
    0x0000773c   0x080114bc   0x0000000a   Code   RO         9835    i.timer_auto_reload_shadow_enable  gd32h7xx_timer.o
    0x00007746   0x080114c6   0x000000b2   Code   RO         9862    i.timer_channel_input_capture_prescaler_config  gd32h7xx_timer.o
    0x000077f8   0x08011578   0x00000010   Code   RO         9863    i.timer_channel_input_struct_para_init  gd32h7xx_timer.o
    0x00007808   0x08011588   0x000002b0   Code   RO         9865    i.timer_channel_output_config  gd32h7xx_timer.o
    0x00007ab8   0x08011838   0x000000bc   Code   RO         9866    i.timer_channel_output_mode_config  gd32h7xx_timer.o
    0x00007b74   0x080118f4   0x0000004a   Code   RO         9868    i.timer_channel_output_pulse_value_config  gd32h7xx_timer.o
    0x00007bbe   0x0801193e   0x000000b2   Code   RO         9869    i.timer_channel_output_shadow_config  gd32h7xx_timer.o
    0x00007c70   0x080119f0   0x000000b6   Code   RO         9870    i.timer_channel_output_state_config  gd32h7xx_timer.o
    0x00007d26   0x08011aa6   0x00000010   Code   RO         9871    i.timer_channel_output_struct_para_init  gd32h7xx_timer.o
    0x00007d36   COMPRESSED   0x00000002   PAD
    0x00007d38   0x08011ab8   0x00000268   Code   RO         9880    i.timer_deinit      gd32h7xx_timer.o
    0x00007fa0   0x08011d20   0x0000000a   Code   RO         9886    i.timer_enable      gd32h7xx_timer.o
    0x00007faa   COMPRESSED   0x00000002   PAD
    0x00007fac   0x08011d2c   0x0000016c   Code   RO         9897    i.timer_init        gd32h7xx_timer.o
    0x00008118   0x08011e98   0x0000039c   Code   RO         9898    i.timer_input_capture_config  gd32h7xx_timer.o
    0x000084b4   0x08012234   0x0000016c   Code   RO         9899    i.timer_input_pwm_capture_config  gd32h7xx_timer.o
    0x00008620   0x080123a0   0x00000324   Code   RO         9900    i.timer_input_trigger_source_select  gd32h7xx_timer.o
    0x00008944   0x080126c4   0x00000008   Code   RO         9904    i.timer_interrupt_enable  gd32h7xx_timer.o
    0x0000894c   0x080126cc   0x00000006   Code   RO         9905    i.timer_interrupt_flag_clear  gd32h7xx_timer.o
    0x00008952   0x080126d2   0x00000034   Code   RO         9906    i.timer_interrupt_flag_get  gd32h7xx_timer.o
    0x00008986   0x08012706   0x0000001a   Code   RO         9909    i.timer_master_slave_mode_config  gd32h7xx_timer.o
    0x000089a0   0x08012720   0x00000018   Code   RO         9918    i.timer_primary_output_config  gd32h7xx_timer.o
    0x000089b8   0x08012738   0x000004ac   Code   RO         9923    i.timer_slave_mode_select  gd32h7xx_timer.o
    0x00008e64   0x08012be4   0x0000000a   Code   RO         9925    i.timer_update_event_disable  gd32h7xx_timer.o
    0x00008e6e   0x08012bee   0x0000000a   Code   RO         9926    i.timer_update_event_enable  gd32h7xx_timer.o
    0x00008e78   0x08012bf8   0x000000e8   Code   RO        10991    i.usart_baudrate_set  gd32h7xx_usart.o
    0x00008f60   0x08012ce0   0x0000000a   Code   RO        10997    i.usart_data_receive  gd32h7xx_usart.o
    0x00008f6a   0x08012cea   0x00000008   Code   RO        10998    i.usart_data_transmit  gd32h7xx_usart.o
    0x00008f72   COMPRESSED   0x00000002   PAD
    0x00008f74   0x08012cf4   0x000000dc   Code   RO        10999    i.usart_deinit      gd32h7xx_usart.o
    0x00009050   0x08012dd0   0x0000000a   Code   RO        11006    i.usart_enable      gd32h7xx_usart.o
    0x0000905a   0x08012dda   0x00000050   Code   RO        11009    i.usart_flag_clear  gd32h7xx_usart.o
    0x000090aa   0x08012e2a   0x0000001e   Code   RO        11010    i.usart_flag_get    gd32h7xx_usart.o
    0x000090c8   0x08012e48   0x0000001a   Code   RO        11017    i.usart_interrupt_disable  gd32h7xx_usart.o
    0x000090e2   0x08012e62   0x0000001a   Code   RO        11018    i.usart_interrupt_enable  gd32h7xx_usart.o
    0x000090fc   0x08012e7c   0x0000005c   Code   RO        11019    i.usart_interrupt_flag_clear  gd32h7xx_usart.o
    0x00009158   0x08012ed8   0x00000038   Code   RO        11020    i.usart_interrupt_flag_get  gd32h7xx_usart.o
    0x00009190   0x08012f10   0x00000018   Code   RO        11034    i.usart_parity_config  gd32h7xx_usart.o
    0x000091a8   0x08012f28   0x00000010   Code   RO        11036    i.usart_receive_config  gd32h7xx_usart.o
    0x000091b8   0x08012f38   0x00000010   Code   RO        11056    i.usart_transmit_config  gd32h7xx_usart.o
    0x000091c8   0x08012f48   0x00000018   Code   RO        11061    i.usart_word_length_set  gd32h7xx_usart.o
    0x000091e0   COMPRESSED   0x00000220   PAD
    0x00009400   COMPRESSED   0x00000400   Data   RW        13873    VECTOR_TABLE        driver_public.o


    Execution Region ER_IROM1 (Exec base: 0x08000000, Load base: 0x08000000, Size: 0x0000dd80, Max: 0x003c0000, ABSOLUTE)

    Exec Addr    Load Addr    Size         Type   Attr      Idx    E Section Name        Object

    0x08000000   0x08000000   0x000003a4   Data   RO        14635    RESET               startup_gd32h7xx.o
    0x080003a4   0x080003a4   0x00000000   Code   RO        14640  * .ARM.Collect$$$$00000000  mc_w.l(entry.o)
    0x080003a4   0x080003a4   0x00000004   Code   RO        14916    .ARM.Collect$$$$00000001  mc_w.l(entry2.o)
    0x080003a8   0x080003a8   0x00000004   Code   RO        14919    .ARM.Collect$$$$00000004  mc_w.l(entry5.o)
    0x080003ac   0x080003ac   0x00000000   Code   RO        14921    .ARM.Collect$$$$00000008  mc_w.l(entry7b.o)
    0x080003ac   0x080003ac   0x00000000   Code   RO        14923    .ARM.Collect$$$$0000000A  mc_w.l(entry8b.o)
    0x080003ac   0x080003ac   0x00000008   Code   RO        14924    .ARM.Collect$$$$0000000B  mc_w.l(entry9a.o)
    0x080003b4   0x080003b4   0x00000000   Code   RO        14926    .ARM.Collect$$$$0000000D  mc_w.l(entry10a.o)
    0x080003b4   0x080003b4   0x00000000   Code   RO        14928    .ARM.Collect$$$$0000000F  mc_w.l(entry11a.o)
    0x080003b4   0x080003b4   0x00000004   Code   RO        14917    .ARM.Collect$$$$00002712  mc_w.l(entry2.o)
    0x080003b8   0x080003b8   0x0000003c   Code   RO        14636    .text               startup_gd32h7xx.o
    0x080003f4   0x080003f4   0x00000024   Code   RO        14948    .text               mc_w.l(init.o)
    0x08000418   0x08000418   0x00000056   Code   RO        14962    .text               mc_w.l(__dczerorl2.o)
    0x0800046e   0x0800046e   0x00000002   PAD
    0x08000470   0x08000470   0x00000580   Code   RO        13867    FLASH_AREA          driver_public.o
    0x080009f0   0x080009f0   0x0000000a   Ven    RO        14964    Veneer$$Code        anon$$obj.o
    0x080009fa   0x080009fa   0x0000000a   Ven    RO        14965    Veneer$$Code        anon$$obj.o
    0x08000a04   0x08000a04   0x0000000a   Ven    RO        14966    Veneer$$Code        anon$$obj.o
    0x08000a0e   0x08000a0e   0x0000000a   Ven    RO        14967    Veneer$$Code        anon$$obj.o
    0x08000a18   0x08000a18   0x0000000a   Ven    RO        14968    Veneer$$Code        anon$$obj.o
    0x08000a22   0x08000a22   0x0000000a   Ven    RO        14969    Veneer$$Code        anon$$obj.o
    0x08000a2c   0x08000a2c   0x000000e8   Code   RO        11610    i.SystemCoreClockUpdate  system_gd32h7xx.o
    0x08000b14   0x08000b14   0x00000174   Code   RO        11611    i.SystemInit        system_gd32h7xx.o
    0x08000c88   0x08000c88   0x0000000e   Code   RO        14956    i.__scatterload_copy  mc_w.l(handlers.o)
    0x08000c96   0x08000c96   0x00000002   Code   RO        14957    i.__scatterload_null  mc_w.l(handlers.o)
    0x08000c98   0x08000c98   0x0000000e   Code   RO        14958    i.__scatterload_zeroinit  mc_w.l(handlers.o)
    0x08000ca6   0x08000ca6   0x0000001c   Code   RO        14229    i._delay            driver_exmc.o
    0x08000cc2   0x08000cc2   0x00000002   PAD
    0x08000cc4   0x08000cc4   0x00000014   Code   RO         2271    i.dci_capture_enable  gd32h7xx_dci.o
    0x08000cd8   0x08000cd8   0x00000014   Code   RO         2279    i.dci_deinit        gd32h7xx_dci.o
    0x08000cec   0x08000cec   0x00000014   Code   RO         2283    i.dci_enable        gd32h7xx_dci.o
    0x08000d00   0x08000d00   0x00000034   Code   RO         2287    i.dci_init          gd32h7xx_dci.o
    0x08000d34   0x08000d34   0x000000b0   Code   RO        14230    i.driver_exmc_lcd_16bit_gpio_init  driver_exmc.o
    0x08000de4   0x08000de4   0x00000138   Code   RO        14231    i.driver_exmc_lcd_init  driver_exmc.o
    0x08000f1c   0x08000f1c   0x00000140   Code   RO        14234    i.driver_exmc_sdram_gpio_init  driver_exmc.o
    0x0800105c   0x0800105c   0x00000166   Code   RO        14235    i.driver_exmc_sdram_init  driver_exmc.o
    0x080011c2   0x080011c2   0x00000002   PAD
    0x080011c4   0x080011c4   0x00000028   Code   RO         3604    i.exmc_flag_get     gd32h7xx_exmc.o
    0x080011ec   0x080011ec   0x00000018   Code   RO         3618    i.exmc_norsram_enable  gd32h7xx_exmc.o
    0x08001204   0x08001204   0x000000e0   Code   RO         3619    i.exmc_norsram_init  gd32h7xx_exmc.o
    0x080012e4   0x080012e4   0x0000002a   Code   RO         3623    i.exmc_norsram_struct_para_init  gd32h7xx_exmc.o
    0x0800130e   0x0800130e   0x00000002   PAD
    0x08001310   0x08001310   0x0000001c   Code   RO         3626    i.exmc_sdram_command_config  gd32h7xx_exmc.o
    0x0800132c   0x0800132c   0x00000118   Code   RO         3628    i.exmc_sdram_init   gd32h7xx_exmc.o
    0x08001444   0x08001444   0x00000024   Code   RO         3632    i.exmc_sdram_refresh_count_set  gd32h7xx_exmc.o
    0x08001468   0x08001468   0x00000026   Code   RO         3633    i.exmc_sdram_struct_para_init  gd32h7xx_exmc.o
    0x0800148e   0x0800148e   0x00000022   Code   RO         4136    i.fmc_ready_wait    gd32h7xx_fmc.o
    0x080014b0   0x080014b0   0x00000078   Code   RO         4138    i.fmc_state_get     gd32h7xx_fmc.o
    0x08001528   0x08001528   0x0000005e   Code   RO         4528    i.gpio_af_set       gd32h7xx_gpio.o
    0x08001586   0x08001586   0x00000004   Code   RO         4529    i.gpio_bit_reset    gd32h7xx_gpio.o
    0x0800158a   0x0800158a   0x00000004   Code   RO         4530    i.gpio_bit_set      gd32h7xx_gpio.o
    0x0800158e   0x0800158e   0x0000000a   Code   RO         4532    i.gpio_bit_write    gd32h7xx_gpio.o
    0x08001598   0x08001598   0x00000010   Code   RO         4534    i.gpio_input_bit_get  gd32h7xx_gpio.o
    0x080015a8   0x080015a8   0x0000004e   Code   RO         4537    i.gpio_mode_set     gd32h7xx_gpio.o
    0x080015f6   0x080015f6   0x00000042   Code   RO         4539    i.gpio_output_options_set  gd32h7xx_gpio.o
    0x08001638   0x08001638   0x00000048   Code   RO         6631    i.mpu_region_config  gd32h7xx_misc.o
    0x08001680   0x08001680   0x00000014   Code   RO         6632    i.mpu_region_enable  gd32h7xx_misc.o
    0x08001694   0x08001694   0x0000001e   Code   RO         6633    i.mpu_region_struct_para_init  gd32h7xx_misc.o
    0x080016b2   0x080016b2   0x00000002   PAD
    0x080016b4   0x080016b4   0x00000018   Code   RO         6637    i.nvic_vector_table_set  gd32h7xx_misc.o
    0x080016cc   0x080016cc   0x00000014   Code   RO         4153    i.ob_lock           gd32h7xx_fmc.o
    0x080016e0   0x080016e0   0x00000020   Code   RO         4163    i.ob_start          gd32h7xx_fmc.o
    0x08001700   0x08001700   0x0000003c   Code   RO         4164    i.ob_tcm_ecc_config  gd32h7xx_fmc.o
    0x0800173c   0x0800173c   0x00000020   Code   RO         4165    i.ob_tcm_ecc_get    gd32h7xx_fmc.o
    0x0800175c   0x0800175c   0x00000030   Code   RO         4166    i.ob_tcm_shared_ram_config  gd32h7xx_fmc.o
    0x0800178c   0x0800178c   0x00000094   Code   RO         4167    i.ob_tcm_shared_ram_size_get  gd32h7xx_fmc.o
    0x08001820   0x08001820   0x00000024   Code   RO         4168    i.ob_unlock         gd32h7xx_fmc.o
    0x08001844   0x08001844   0x00000040   Code   RO         7297    i.pmu_smps_ldo_supply_config  gd32h7xx_pmu.o
    0x08001884   0x08001884   0x0000085c   Code   RO         7612    i.rcu_clock_freq_get  gd32h7xx_rcu.o
    0x080020e0   0x080020e0   0x0000005c   Code   RO         7627    i.rcu_irc64mdiv_freq_get  gd32h7xx_rcu.o
    0x0800213c   0x0800213c   0x00000024   Code   RO         7639    i.rcu_periph_clock_enable  gd32h7xx_rcu.o
    0x08002160   0x08002160   0x00000024   Code   RO         7642    i.rcu_periph_reset_disable  gd32h7xx_rcu.o
    0x08002184   0x08002184   0x00000024   Code   RO         7643    i.rcu_periph_reset_enable  gd32h7xx_rcu.o
    0x080021a8   0x080021a8   0x0000005c   Code   RO         7648    i.rcu_pll_clock_freq_cal  gd32h7xx_rcu.o
    0x08002204   0x08002204   0x000000ac   Code   RO         9683    i.syscfg_exti_line_config  gd32h7xx_syscfg.o
    0x080022b0   0x080022b0   0x0000013c   Code   RO        11612    i.system_clock_600m_hxtal  system_gd32h7xx.o
    0x080023ec   0x080023ec   0x00000008   Code   RO        11613    i.system_clock_config  system_gd32h7xx.o
    0x080023f4   0x080023f4   0x00000150   Data   RO        13074    .constdata          bsp_ov7670.o
    0x08002544   0x08002544   0x0000001b   Data   RO        13943    .constdata          driver_gpio.o
    0x0800255f   0x0800255f   0x00000001   PAD
    0x08002560   0x08002560   0x00000018   Data   RO        14012    .constdata          driver_dma.o
    0x08002578   0x08002578   0x00000008   PAD
    0x08002580   0x08002580   0x00002fa0   Data   RO        13631    FLASH_AREA          bsp_lcd_font.o
    0x08005520   0x08005520   0x000087f0   Data   RO        13839    FLASH_AREA          gd_log.o
    0x0800dd10   0x0800dd10   0x00000070   Data   RO        14954    Region$$Table       anon$$obj.o


    Execution Region RW_AXI_RAM (Exec base: 0x24000000, Load base: 0x08012f70, Size: 0x000005b4, Max: 0x00070000, ABSOLUTE, COMPRESSED[0x000001cc])

    Exec Addr    Load Addr    Size         Type   Attr      Idx    E Section Name        Object

    0x24000000   COMPRESSED   0x00000004   Data   RW        11614    .data               system_gd32h7xx.o
    0x24000004   COMPRESSED   0x000001cc   Data   RW        11698    .data               bsp_uart.o
    0x240001d0   COMPRESSED   0x000000c0   Data   RW        11782    .data               bsp_led.o
    0x24000290   COMPRESSED   0x00000079   Data   RW        12063    .data               bsp_key.o
    0x24000309   COMPRESSED   0x00000003   PAD
    0x2400030c   COMPRESSED   0x0000000c   Data   RW        12869    .data               bsp_timer.o
    0x24000318   COMPRESSED   0x00000088   Data   RW        13075    .data               bsp_ov7670.o
    0x240003a0   COMPRESSED   0x000000cd   Data   RW        13198    .data               bsp_8080_lcd.o
    0x2400046d   COMPRESSED   0x00000003   PAD
    0x24000470   COMPRESSED   0x000000c8   Data   RW        13688    .data               bsp_software_i2c.o
    0x24000538   COMPRESSED   0x00000025   Data   RW        13872    .data               driver_public.o
    0x2400055d   COMPRESSED   0x00000003   PAD
    0x24000560   COMPRESSED   0x00000014   Data   RW        14013    .data               driver_dma.o
    0x24000574   COMPRESSED   0x00000001   Data   RW        14522    .data               driver_timer.o
    0x24000575   COMPRESSED   0x00000003   PAD
    0x24000578   COMPRESSED   0x00000004   Data   RW        14930    .data               mc_w.l(stdout.o)
    0x2400057c        -       0x00000038   Zero   RW        13197    .bss                bsp_8080_lcd.o


    Execution Region RW_AXI_RAM_NOCACHE (Exec base: 0x24070000, Load base: 0x0801313c, Size: 0x00000000, Max: 0x00010000, ABSOLUTE)

    **** No section assigned to this execution region ****


    Execution Region RW_AHB_RAM1 (Exec base: 0x30000000, Load base: 0x0801313c, Size: 0x00003ec4, Max: 0x00004000, ABSOLUTE, COMPRESSED[0x00000080])

    Exec Addr    Load Addr    Size         Type   Attr      Idx    E Section Name        Object

    0x30000000   COMPRESSED   0x00000050   Data   RW         3119    .ARM.__at_0x30000000  gd32h7xx_enet.o
    0x30000050   COMPRESSED   0x00000110   PAD
    0x30000160   COMPRESSED   0x00000050   Data   RW         3120    .ARM.__at_0x30000160  gd32h7xx_enet.o
    0x300001b0   COMPRESSED   0x00000150   PAD
    0x30000300   COMPRESSED   0x00001dc4   Data   RW         3121    .ARM.__at_0x30000300  gd32h7xx_enet.o
    0x300020c4   COMPRESSED   0x0000003c   PAD
    0x30002100   COMPRESSED   0x00001dc4   Data   RW         3122    .ARM.__at_0x30002100  gd32h7xx_enet.o


    Execution Region RW_AHB_RAM2 (Exec base: 0x30004000, Load base: 0x080131bc, Size: 0x00000000, Max: 0x00004000, ABSOLUTE)

    **** No section assigned to this execution region ****


    Execution Region RW_SDRAM (Exec base: 0xc0000000, Load base: 0x080131bc, Size: 0x00000000, Max: 0x00600000, ABSOLUTE)

    **** No section assigned to this execution region ****


    Execution Region RW_SDRAM_NO_CACHE (Exec base: 0xc0600000, Load base: 0x080131bc, Size: 0x00025800, Max: 0x00200000, ABSOLUTE, COMPRESSED[0x000004b8])

    Exec Addr    Load Addr    Size         Type   Attr      Idx    E Section Name        Object

    0xc0600000   COMPRESSED   0x00025800   Data   RW        13076    DMA_AREA_SDRAM      bsp_ov7670.o


==============================================================================

Image component sizes


      Code (inc. data)   RO Data    RW Data    ZI Data      Debug   Object Name

      3672        160          0        205         56      23580   bsp_8080_lcd.o
         0          0          0          0          0       2358   bsp_adc.o
         0          0          0          0          0       1548   bsp_beep.o
         0          0          0          0          0       1392   bsp_dht11.o
        32          8          0        121          0       3632   bsp_key.o
         0          0      12192          0          0       1148   bsp_lcd_font.o
        94          6          0        192          0       4394   bsp_led.o
       712         76        336     153736          0      14894   bsp_ov7670.o
       938          0          0        200          0      17245   bsp_software_i2c.o
        16          6          0         12          0        960   bsp_timer.o
        68         18          0        460          0       5552   bsp_uart.o
       584         28         24         20          0       6410   driver_dma.o
      1194         42          0          0          0       5900   driver_exmc.o
       308         14         27          0          0       5733   driver_gpio.o
      1852         82          0       1061          0      49712   driver_public.o
       522         18          0          1          0       4740   driver_timer.o
       760         30          0          0          0       5965   driver_uart.o
       112         18          0          0          0       7566   gd32h7xx_dci.o
      1372          8          0          0          0      46189   gd32h7xx_dma.o
         0          0          0      15400          0      38700   gd32h7xx_enet.o
       712         46          0          0          0      24897   gd32h7xx_exmc.o
       480          0          0          0          0      11710   gd32h7xx_exti.o
       530         46          0          0          0      18746   gd32h7xx_fmc.o
       272          0          0          0          0      15266   gd32h7xx_gpio.o
       124         28          0          0          0      38945   gd32h7xx_interrupt.o
       146         20          0          0          0       8034   gd32h7xx_misc.o
        64          4          0          0          0        781   gd32h7xx_pmu.o
      2432        120          0          0          0      59193   gd32h7xx_rcu.o
       172          6          0          0          0        890   gd32h7xx_syscfg.o
      5944        220          0          0          0      51488   gd32h7xx_timer.o
       870         32          0          0          0      23266   gd32h7xx_usart.o
         0          0      34800          0          0        877   gd_log.o
       204         40          0          0          0     188909   main.o
        60         14        932          0      16384        964   startup_gd32h7xx.o
       928        100          0          4          0       7607   system_gd32h7xx.o

    ----------------------------------------------------------------------
     25462       1190      48432     172636      16440     699191   Object Totals
       260          0        112          0          0          0   (incl. Generated)
        28          0          9       1224          0          0   (incl. Padding)

    ----------------------------------------------------------------------

      Code (inc. data)   RO Data    RW Data    ZI Data      Debug   Library Member Name

        86          0          0          0          0          0   __dczerorl2.o
         0          0          0          0          0          0   entry.o
         0          0          0          0          0          0   entry10a.o
         0          0          0          0          0          0   entry11a.o
         8          4          0          0          0          0   entry2.o
         4          0          0          0          0          0   entry5.o
         0          0          0          0          0          0   entry7b.o
         0          0          0          0          0          0   entry8b.o
         8          4          0          0          0          0   entry9a.o
        30          0          0          0          0          0   handlers.o
        36          8          0          0          0         68   init.o
         0          0          0          0          0          0   iusefp.o
        30          0          0          0          0         68   llshl.o
        36          0          0          0          0         68   llsshr.o
        32          0          0          0          0         68   llushr.o
      2272         96          0          0          0        592   printfa.o
         0          0          0          4          0          0   stdout.o
        14          0          0          0          0         68   strlen.o
        44          0          0          0          0         80   uidiv.o
        98          0          0          0          0         92   uldiv.o
        48          0          0          0          0         68   cdrcmple.o
       334          0          0          0          0        148   dadd.o
       222          0          0          0          0        100   ddiv.o
       186          0          0          0          0        176   depilogue.o
        48          0          0          0          0         68   dfixul.o
       228          0          0          0          0         96   dmul.o

    ----------------------------------------------------------------------
      3770        112          0          4          0       1760   Library Totals
         6          0          0          0          0          0   (incl. Padding)

    ----------------------------------------------------------------------

      Code (inc. data)   RO Data    RW Data    ZI Data      Debug   Library Name

      2698        112          0          4          0       1104   mc_w.l
      1066          0          0          0          0        656   mf_w.l

    ----------------------------------------------------------------------
      3770        112          0          4          0       1760   Library Totals

    ----------------------------------------------------------------------

==============================================================================


      Code (inc. data)   RO Data    RW Data    ZI Data      Debug   

     29232       1302      48432     172640      16440     680151   Grand Totals
     29232       1302      48432       1812      16440     680151   ELF Image Totals (compressed)
     29232       1302      48432       1812          0          0   ROM Totals

==============================================================================

    Total RO  Size (Code + RO Data)                77664 (  75.84kB)
    Total RW  Size (RW Data + ZI Data)            189080 ( 184.65kB)
    Total ROM Size (Code + RO Data + RW Data)      79476 (  77.61kB)

==============================================================================

